Aad
Abd
Abe
Ada
Adi
Age
Akn
Ale
Ali
Alp
Aly
Ame
Amr
Amy
Ana
Ane
Anh
Ani
Ank
Anl
Ann
Ans
Ara
Ard
Ari
Art
Ary
Asl
Ate
Ava
Awa
Axl
Aya
Bas
Bea
Ben
Bob
Boi
Bor
Boy
Can
Cas
Cem
Che
Chi
Cis
Cor
Dan
Dax
Dex
Dik
Dim
Din
Dio
Don
Dre
Duc
Duy
Ebe
Ebu
Ece
Eda
Edo
Edu
Eef
Efe
Eke
Ela
Eli
Els
Ema
Emi
Emy
Ena
Eva
Eve
Evi
Evy
Ewa
Fae
Fay
Fee
Fem
Fer
Fin
Flo
Gea
Ger
Gio
Gul
Gus
Guy
Hac
Hai
Han
Hao
Hiu
Hoi
Hui
Huy
Ian
Ibe
Ida
Ide
Ido
Ids
Ike
Ina
Ine
Ino
Ira
Isa
Ise
Iva
Ivo
Ivy
Iza
Ize
Jai
Jan
Jay
Jef
Jet
Jia
Jie
Jil
Jim
Jin
Jip
Job
Joe
Jon
Jop
Jor
Jos
Joy
Jun
Jur
Kai
Kaj
Kas
Kay
Kaz
Kee
Ken
Keo
Kes
Kik
Kim
Kin
Kit
Kyo
Lai
Lan
Lea
Lee
Lei
Len
Leo
Lev
Lex
Lia
Lin
Lis
Liv
Liz
Lok
Lot
Lou
Luc
Luz
Lyn
Mac
Mae
Mai
Maj
Man
Mas
Max
May
Mea
Meg
Mei
Mel
Mex
Mia
Mik
Min
Nan
Naz
Neo
Nic
Nik
Noa
Noe
Nol
Nuh
Nur
Oda
Ole
Pam
Pei
Per
Pia
Pim
Pip
Pol
Pui
Puk
Raf
Raj
Ran
Ray
Rex
Ria
Rik
Rim
Rio
Rob
Ron
Roy
Rui
Ryo
Sai
Sal
Sam
Seb
Sef
Sem
Sen
Sep
Shi
Shu
Sid
Sil
Sim
Sin
Siu
Sky
Sla
Sue
Syb
Syl
Tan
Tea
Ted
Tes
Tex
Thi
Thu
Tia
Tim
Tin
Tom
Ton
Tos
Udo
Uma
Una
Van
Vic
Vin
Wai
Wan
Wei
Wen
Wes
Wim
Xam
Xin
Xue
Yan
Yaw
Yde
Yee
Yen
Yin
Yip
Yiu
Yke
Yme
Ype
Yun
Yvo
Zeb
Zef
Zen
Zep
Zev
Zhi
Zoe
Zoi
Aalt
Aart
Aaya
Abby
Abdi
Abel
Abid
Abir
Adam
Adel
Adem
Aden
Adib
Adil
Adis
Adna
Adne
Adri
Afaf
Afke
Afra
Aida
Aike
Aiko
Aimy
Aisa
Aize
Ajay
Ajla
Akif
Akin
Akke
Alaa
Alan
Alba
Alco
Aldo
Alec
Alek
Alem
Alen
Alet
Alev
Alex
Alia
Alie
Alix
Alja
Alje
Alle
Alma
Alon
Amal
Aman
Amar
Amel
Amer
Amie
Amin
Amir
Amit
Amke
Amna
Amon
Amos
Amra
Amro
Anam
Anas
Anco
Andy
Anel
Anes
Anil
Anis
Anja
Anje
Anjo
Anka
Anke
Anko
Anky
Anna
Anne
Anno
Anny
Anya
Aram
Aran
Aras
Arco
Arda
Aren
Aria
Arie
Arif
Arij
Aris
Arja
Arjo
Arne
Arno
Aron
Arti
Arun
Arwa
Arya
Arzu
Asad
Asha
Asia
Asif
Asim
Asja
Asli
Asma
Asya
Atie
Atif
Atje
Atze
Auke
Aura
Avni
Axel
Ayah
Ayan
Ayca
Ayda
Ayla
Ayse
Aysu
Ayub
Azad
Aziz
Azra
Babs
Badr
Baer
Baki
Banu
Bars
Bart
Beau
Beer
Bent
Berk
Bert
Bibi
Biko
Bill
Binc
Bing
Bink
Bjrn
Boas
Boaz
Bodi
Boet
Bono
Bora
Bote
Bowe
Bowy
Boyd
Boye
Brad
Bram
Brit
Buck
Buse
Caia
Cain
Caja
Cara
Carl
Caro
Cars
Cato
Caya
Cees
Cenk
Chad
Chee
Chen
Cher
Chun
Cian
Ciro
Clay
Cleo
Clim
Cloe
Coby
Coco
Cody
Coen
Cong
Cora
Cris
Cuma
Cuno
Daaf
Daan
Dain
Dajo
Dale
Dali
Damy
Dana
Dane
Dani
Dano
Dany
Dara
Daud
Dave
Davi
Davy
Dawn
Daya
Dean
Deen
Demi
Demy
Dena
Deni
Deny
Deon
Derk
Desi
Devi
Dewi
Dewy
Dian
Diaz
Diba
Dick
Dico
Dide
Didi
Dido
Dila
Dima
Dina
Dinh
Dini
Dino
Diny
Dion
Dirk
Dita
Diya
Djay
Djen
Djim
Doha
Dolf
Done
Door
Dora
Dore
Duco
Dudu
Duke
Duko
Durk
Duuk
Dyan
Dyon
Earl
Ebba
Ebru
Ecem
Eddo
Eddy
Eden
Edin
Edis
Ediz
Edna
Eeke
Egon
Eise
Eize
Elco
Elfi
Elia
Elif
Elin
Elio
Eliz
Elja
Elke
Elko
Ella
Elle
Elly
Elma
Elmo
Elon
Eloy
Elsa
Else
Elvi
Elza
Elze
Elzo
Emad
Eman
Emel
Emie
Emil
Emin
Emir
Emke
Emma
Emme
Emmi
Emmy
Emre
Endy
Enes
Enis
Enna
Enno
Enya
Enza
Enzo
Eppo
Eran
Eray
Erdi
Eren
Eric
Erik
Erin
Erna
Erno
Erol
Eros
Erva
Esad
Esat
Esen
Eser
Esha
Esin
Eske
Esli
Esma
Esme
Esra
Esri
Euan
Evan
Evie
Evin
Ewan
Eyup
Ezgi
Ezra
Faas
Fadi
Fady
Fahd
Faik
Faiz
Faya
Faye
Febe
Feya
Fien
Fiep
Figo
Fija
Finn
Flip
Flor
Fons
Frat
Fred
Fuad
Fuat
Funs
Fynn
Gabe
Gabi
Gaby
Gael
Gaia
Gail
Gary
Gaya
Gaye
Gazi
Geke
Gene
Gera
Germ
Gert
Gian
Gido
Giel
Gies
Gigi
Gijs
Gina
Gini
Gino
Giny
Gita
Glen
Goof
Goos
Greg
Gudo
Guus
Gwen
Gyan
Gydo
Haci
Hadi
Hajo
Hala
Hale
Hana
Hani
Hans
Harm
Hava
Hawa
Haye
Hayo
Heba
Hebe
Hedy
Hein
Henk
Herm
Hero
Hiba
Hibo
Hila
Hina
Hind
Hira
Hoda
Hong
Hope
Huda
Hugo
Huib
Huig
Hung
Huub
Iain
Iddo
Idil
Idse
Ieke
Iggy
Igor
Ihab
Ikra
Ilan
Ilco
Ilia
Ilja
Ilka
Ilke
Iloy
Ilsa
Ilse
Ilva
Ilvy
Ilya
Ilze
Imad
Iman
Imar
Imen
Imke
Imko
Imme
Immy
Imre
Imro
Inas
Inci
Indi
Indy
Ines
Inez
Inga
Inge
Ingo
Inke
Iona
Ipek
Iqra
Irem
Ires
Iris
Irma
Irsa
Isai
Isak
Isar
Isha
Isil
Isis
Isra
Issa
Ivan
Ivar
Ivon
Ivor
Iwan
Izak
Jaap
Jace
Jack
Jaco
Jada
Jade
Jady
Jael
Jair
Jake
Jale
Jamy
Jana
Jane
Jans
Jany
Jara
Jard
Jari
Jarl
Jaro
Jary
Jaya
Jazz
Jean
Jeen
Jeff
Jelt
Jens
Jent
Jess
Jhon
Jian
Jill
Jimi
Jing
Jiri
Jiry
Jisk
Jits
Joah
Joan
Joao
Joas
Jodi
Jody
Joek
Joel
Joep
Joes
Joey
John
Joke
Jona
Joni
Jony
Joop
Joos
Jora
Jord
Jorg
Jori
Jorn
Jort
Jory
Jose
Josh
Jouk
Jovi
Jowi
Joya
Juan
Juda
Judi
Judy
Jula
Jule
Juli
July
Juna
June
Juno
Jurg
Juri
Jurn
Just
Juul
Juup
Kaan
Kaat
Kady
Kain
Kaja
Kane
Kara
Kari
Karl
Kars
Kate
Kato
Katy
Kawa
Kaya
Kayo
Kean
Kees
Kely
Kenn
Kent
Keri
Kian
Kick
Kiek
Kiet
Kika
Kiki
Kimi
Kimm
Kimo
King
Kira
Kiri
Koen
Kofi
Koop
Koos
Kors
Kris
Kuno
Kurt
Kwok
Kyan
Kyla
Kyle
Kyra
Kyro
Lale
Lana
Lani
Lara
Lard
Lars
Lava
Leah
Lean
Leco
Leen
Lein
Lela
Lema
Lena
Lene
Leni
Lenn
Leny
Leon
Levi
Levy
Lexi
Liam
Lian
Lida
Lidy
Lien
Lies
Lika
Lila
Lili
Lily
Lima
Lina
Line
Ling
Linn
Lino
Lion
Lior
Lisa
Lise
Liza
Lize
Lizz
Lode
Lody
Loek
Loes
Loet
Loic
Lois
Lola
Lone
Long
Lora
Lore
Lori
Louk
Louw
Loyd
Luan
Luca
Luce
Luck
Lucy
Ludo
Luis
Luit
Luka
Luke
Lulu
Luna
Lune
Lute
Luuc
Luuk
Luus
Luut
Lyam
Lyan
Lyke
Lynn
Lyon
Maan
Maas
Mace
Mack
Macy
Made
Mads
Mady
Maha
Maia
Maik
Maja
Maks
Malu
Mana
Mano
Mans
Manu
Mara
Marc
Mare
Mari
Mark
Mart
Mary
Mats
Matt
Matz
Maud
Mauk
Maxx
Maya
Mayk
Medy
Mees
Meis
Mels
Meri
Mert
Meta
Mete
Mexx
Mick
Miel
Mies
Mijs
Mika
Mike
Miki
Miko
Mila
Milo
Mimi
Mina
Mine
Ming
Minh
Mink
Mira
Miro
Moad
Mona
Moon
Moos
Muge
Muna
Musa
Myke
Myla
Mylo
Myra
Nada
Nadi
Nady
Nail
Naim
Nana
Nard
Nash
Nasr
Naud
Naut
Nazl
Neal
Neda
Neha
Neil
Nele
Nemo
Nena
Nese
Neva
Ngoc
Nica
Nick
Nico
Nida
Niek
Niel
Nijs
Nika
Nike
Niki
Niko
Nila
Nils
Nima
Nimo
Nina
Nine
Nini
Nino
Nisa
Nita
Noah
Noam
Noel
Noer
Noha
Nola
Nomi
Nona
Noor
Nora
Nore
Nori
Noud
Nouh
Nouk
Nour
Nout
Nova
Nuno
Nura
Nuri
Nyah
Oane
Obbe
Obed
Odin
Oeds
Oege
Oene
Ogun
Oguz
Okan
Okke
Okko
Olaf
Olav
Oleg
Olga
Olle
Olmo
Olof
Omar
Omer
Omid
Omri
Omur
Onne
Onno
Onur
Oona
Orin
Orla
Orry
Otis
Otte
Otto
Owen
Ozan
Ozge
Paco
Paul
Peer
Pepe
Phil
Pien
Pier
Piet
Pnar
Prya
Puck
Puja
Pyke
Quin
Quoc
Radi
Raff
Rafi
Raja
Ralf
Rami
Ramy
Rana
Rani
Rauf
Raul
Ravi
Rawi
Raya
Rayn
Reda
Reem
Rein
Remi
Remo
Remy
Rena
Rene
Reno
Rens
Renu
Renz
Resa
Resi
Resy
Reza
Rhea
Rhys
Riad
Rian
Riaz
Rick
Rico
Rida
Rien
Ries
Rijk
Rika
Rima
Rina
Rink
Rino
Rins
Rita
Riva
Rixt
Riza
Rkia
Roan
Robi
Roby
Rodi
Rody
Roef
Roel
Rolf
Roma
Rome
Romi
Romy
Rona
Roni
Rony
Roos
Rory
Rosa
Rose
Ross
Rowi
Rowy
Roxy
Roya
Roza
Ruan
Rubi
Ruby
Rudi
Rudo
Rudy
Runa
Rune
Ruth
Ruud
Ruya
Ryan
Ryon
Saad
Saar
Saba
Sade
Safa
Said
Saif
Sait
Sake
Sami
Samy
Sana
Sape
Sara
Sare
Sari
Sasa
Saul
Saya
Sean
Seda
Sefa
Sela
Sema
Semi
Sena
Senn
Sepp
Sera
Seth
Shah
Shai
Shan
Shay
Shun
Sian
Sidi
Sido
Sieb
Siem
Sien
Siep
Sija
Sije
Sila
Sima
Sina
Sion
Sira
Siri
Sita
Sjef
Sjon
Skip
Skye
Soma
Sona
Stan
Stef
Sten
Styn
Suad
Suat
Sude
Sule
Suna
Sura
Suus
Suze
Suzy
Svea
Sven
Swen
Sybe
Syed
Tabe
Taco
Taha
Take
Tako
Tara
Tark
Taro
Tein
Teis
Tess
Teun
Teus
Thea
Theo
Thim
Thom
Thor
Thuy
Thys
Tian
Tibo
Tico
Tido
Ties
Tigo
Tije
Tijl
Tijm
Tijn
Tijs
Tika
Timo
Tina
Tine
Ting
Tino
Tiny
Tjeu
Tobi
Toby
Toke
Toni
Tony
Toon
Toos
Tori
Tren
Trix
Troy
Tuan
Tuba
Tuna
Tuur
Twan
Tyas
Tygo
Tymo
Tyra
Ubah
Ufuk
Ugur
Ulas
Ulbe
Ulku
Umar
Umit
Ummu
Umut
Unal
Veda
Veli
Vera
Vere
Vico
Viet
Vigo
Vita
Vito
Wael
Wafa
Wail
Walt
Wang
Ward
Wart
Wiam
Wibe
Wick
Wiek
Wiep
Wies
Wing
Wolf
Wout
Wybe
Wyke
Xavi
Xena
Xian
Xiao
Xuan
Yade
Yael
Yair
Yana
Yang
Yann
Yara
Yari
Yaro
Yash
Yfke
Ying
Ylja
Ylse
Ylva
Ymke
Ynte
Ynze
Yoel
Yoep
Yong
Yoni
Yori
Yorn
Youp
Yrsa
Ytje
Yuen
Yuka
Yuki
Yuna
Yuri
Yvan
Yvar
Yves
Yvet
Yvon
Zaid
Zain
Zaki
Zana
Zara
Zayd
Zaza
Zeki
Zena
Zeno
Zhen
Ziad
Zico
Zina
Zino
Zion
Zita
Ziya
Zoey
Zola
Zora
Zoya
Aafje
Aafke
Aagje
Aaron
Aarti
Abbas
Abbey
Abdel
Abdou
Abdul
Abida
Abram
Adaja
Adela
Adham
Adina
Adisa
Adjai
Admir
Adnan
Adolf
Adrie
Agata
Agnes
Ahlam
Ahmad
Ahmed
Ahmet
Ahsen
Aicha
Aidan
Aiden
Aimad
Aiman
Aimee
Aimen
Aisha
Aissa
Ajdin
Akash
Akira
Akram
Alain
Alana
Alara
Alban
Albin
Aldin
Aleid
Alena
Alexa
Alice
Alida
Alide
Alien
Alies
Alina
Aline
Alisa
Alise
Aliya
Aliye
Aliza
Alize
Alkan
Allal
Allan
Allon
Almar
Almer
Almir
Aloys
Alpay
Alper
Alpha
Alrik
Altan
Alvin
Alwin
Alysa
Amaal
Amani
Amara
Amaya
Amber
Ambra
Amela
Amely
Amier
Amiet
Amila
Amina
Amine
Amira
Ammar
Amrit
Anais
Anand
Anass
Andor
Andra
Andre
Andro
Anela
Angel
Angie
Angus
Anica
Aniek
Aniel
Anika
Anina
Anine
Anisa
Anish
Anita
Ankie
Ankje
Annet
Annie
Anoek
Anouk
Antal
Anthe
Antje
Anton
Anwar
Aoife
April
Arash
Areke
Arend
Arent
Arian
Arief
Arien
Arife
Arina
Arjan
Arjen
Arjun
Arman
Armen
Armin
Arris
Arsen
Artie
Artje
Artur
Aruna
Arvid
Arvin
Arwen
Arwin
Aryan
Asena
Asher
Ashly
Ashna
Ashni
Asiya
Asiye
Aslan
Asmaa
Asmae
Assia
Aster
Asude
Aswin
Atika
Audry
Aukje
Aviva
Ayaan
Ayana
Aycan
Aydan
Ayden
Aydin
Ayfer
Aygul
Ayhan
Aykut
Aylin
Ayman
Aymen
Aynur
Ayoub
Aysel
Aysen
Aysha
Aysun
Aytac
Ayten
Ayuub
Aziza
Azize
Babak
Babet
Bader
Badia
Bahar
Bahri
Balou
Baran
Baris
Barry
Basak
Basil
Basma
Bauke
Beate
Bedia
Beerd
Beert
Begum
Bekir
Belal
Belia
Bella
Belle
Belma
Bengt
Benji
Benne
Benno
Benny
Bente
Bento
Berat
Berit
Berke
Berna
Bernd
Berra
Berry
Beryl
Betsy
Bette
Betty
Betul
Beyza
Bieke
Bijou
Bilal
Bilel
Bilge
Billy
Binck
Binne
Birol
Birte
Bjarn
Bjorn
Bloem
Boban
Bobbi
Bobby
Bodhi
Bodie
Bodil
Boele
Bojan
Bonne
Bonno
Bonny
Boran
Boris
Borre
Bosse
Bouke
Bouwe
Bowen
Bowie
Boyan
Boyke
Brady
Brain
Brand
Brayn
Brend
Brent
Brett
Brian
Britt
Broer
Bruce
Bruna
Bruno
Bryan
Bryce
Buddy
Bugra
Buket
Burak
Burcu
Busra
Byron
Cafer
Cagla
Cagri
Caine
Caleb
Calum
Canan
Candy
Caner
Cansu
Carel
Caren
Carin
Carla
Carli
Carlo
Carly
Carol
Carry
Carst
Casey
Cathy
Cecil
Celal
Celia
Celil
Cemal
Cemil
Cemre
Ceren
Cesar
Ceyda
Chadi
Chaim
Chaja
Chama
Chana
Charl
Chaya
Cheng
Chevy
Chico
Chiel
Chiem
Ching
Chloe
Chris
Chuck
Chung
Ciara
Cihad
Cihan
Cihat
Cilia
Cilla
Cindy
Ciska
Ciske
Cissy
Clair
Clara
Clare
Clark
Clenn
Cliff
Clint
Clyde
Coert
Colin
Conny
Conor
Corne
Corry
Craig
Crijn
Cyril
Cyrus
Dafne
Daimy
Daisy
Dalal
Daley
Dalia
Dalya
Damir
Damla
Damon
Danae
Danee
Dania
Danja
Danne
Danni
Danny
Dante
Danya
Daoud
Darcy
Daria
Dario
Darja
Darko
Daron
Darya
Daryl
Davey
David
Davie
Davin
Davud
Davut
Dawid
Dayna
Debby
Debra
Deena
Defne
Dejan
Delal
Delia
Demet
Demie
Demir
Demis
Denis
Deniz
Denny
Derck
Derek
Derya
Desie
Devin
Devon
Diana
Diane
Dicky
Dicle
Didem
Diede
Diego
Dieke
Diena
Digna
Dikra
Dilan
Dilay
Dilek
Dimas
Dinah
Dinie
Dinja
Diogo
Diona
Dione
Ditta
Ditte
Diyar
Djino
Djoey
Djoni
Djuna
Djura
Djuri
Doede
Doeke
Dogan
Dolly
Dondu
Donia
Donja
Donna
Donne
Donny
Donya
Doris
Doron
Dorus
Douaa
Douae
Douha
Douwe
Driek
Dries
Drifa
Driss
Duane
Dunia
Dunja
Dunya
Duran
Dusan
Dusty
Duygu
Dwayn
Dyami
Dylan
Ebony
Ebrar
Eddie
Edgar
Edina
Edine
Edita
Edith
Edmar
Edmee
Edson
Edvin
Edwin
Eefje
Eefke
Eelco
Eelke
Eelko
Eeuwe
Ehsan
Ekram
Ekrem
Elana
Elcke
Eldin
Elena
Elene
Eleni
Elfie
Elger
Elgin
Elham
Elian
Elias
Elien
Elife
Elina
Eline
Elisa
Elise
Eliza
Elize
Ellen
Elles
Ellie
Ellis
Elmar
Elmas
Elmer
Elnaz
Elora
Elroy
Elsje
Elske
Eltjo
Elton
Elvan
Elvie
Elvin
Elvis
Elwin
Elyas
Elyne
Elysa
Elyse
Emely
Emese
Emiel
Emile
Emily
Emina
Emine
Emira
Emmie
Emrah
Ender
Engel
Engin
Enise
Ennio
Enola
Ensar
Enver
Enzio
Erben
Ercan
Erdal
Erdem
Ergin
Ergun
Erhan
Erica
Erick
Erika
Erinn
Erkan
Erman
Ermin
Ernst
Errol
Ersan
Ersin
Ertan
Ervin
Erwin
Eslem
Esmay
Esmee
Espen
Esper
Esraa
Estee
Ester
Ethan
Ethem
Evert
Evita
Evren
Ewald
Ewoud
Ewout
Eylem
Faber
Fabio
Fadil
Fadma
Fadwa
Fahad
Fahim
Fahri
Faisa
Faith
Faiza
Fajah
Falco
Falko
Famke
Fanny
Farah
Fares
Farha
Farid
Faris
Faruk
Fathi
Fatih
Fatin
Fatma
Fatna
Fauve
Fedde
Fedor
Feija
Feije
Feike
Feiko
Felix
Femia
Femke
Femma
Femme
Femmy
Fenna
Fenne
Fenno
Fenny
Feray
Ferdi
Ferdy
Ferit
Ferre
Ferri
Ferry
Fevzi
Feyza
Fidan
Fieke
Fiene
Figen
Fikri
Filip
Filiz
Fimke
Fimme
Fiona
Firas
Firat
Fleur
Flint
Floor
Flora
Flore
Flory
Floyd
Flynn
Foeke
Fokje
Fokke
Fokko
Foppe
Fouad
Frank
Frans
Franz
Freek
Freke
Frenk
Frens
Freya
Frida
Frido
Friso
Frits
Fulco
Fulya
Funda
Gabor
Galid
Gamze
Garry
Gauke
Gavin
Gayle
Geart
Geeke
Geena
Geert
Geeta
Gemma
Georg
Gepke
Gerco
Gerda
Gerdi
Gerie
Gerke
Gerko
Germa
Gerry
Geurt
Ghita
Giada
Giano
Gidon
Giedo
Ginny
Gioia
Gioya
Githa
Gitta
Gitte
Gizem
Gjalt
Glenn
Gokan
Gokay
Gokce
Gonca
Gonda
Gonul
Goran
Gosse
Gozde
Grace
Grada
Greta
Guido
Gulay
Guled
Guler
Gullu
Guust
Guven
Guyon
Gwenn
Habib
Hacer
Hadia
Hafid
Hafsa
Hagar
Hager
Haico
Haije
Haiko
Hajar
Hajer
Hakan
Hakim
Hakki
Halbe
Haley
Halil
Halim
Halit
Hamda
Hamdi
Hamed
Hamid
Hamit
Hamsa
Hamse
Hamza
Hamze
Hanad
Hanae
Hanan
Hande
Hanim
Hanin
Hanke
Hanna
Hanne
Hanno
Hanny
Haris
Harke
Harma
Haron
Harro
Harry
Harun
Hasan
Hasna
Hasse
Hatim
Hatun
Havin
Havva
Hayat
Hayri
Hazal
Hazar
Hazel
Hedda
Hedde
Heidi
Heidy
Heike
Heiko
Heine
Helen
Helga
Helin
Hella
Helma
Helmi
Hemmo
Henna
Henny
Henri
Henry
Herma
Herre
Hette
Hetty
Hidde
Hieke
Hilal
Hilco
Hilda
Hilde
Hilje
Hilke
Hilko
Hille
Hilly
Hilmi
Hinke
Hiske
Hoang
Hobie
Hodan
Holly
Hotze
Houda
Hulya
Husna
Hylke
Hymke
Iboya
Idris
Idske
Iefke
Iemke
Ietje
Ifrah
Ihsan
Ikram
Ilana
Ileen
Ilene
Ilham
Ilhan
Ilian
Ilias
Ilkay
Ilker
Ilona
Ilone
Ilyas
Imaan
Imane
Imani
Imara
Imran
Inass
Indah
India
Indie
Indra
Ineke
Inger
Insaf
Ireen
Irena
Irene
Irfan
Irina
Irini
Irmak
Isaac
Isaak
Ischa
Ishak
Ishan
Islam
Ismay
Ismet
Israa
Israe
Issam
Itske
Ivana
Ivano
Iwana
Izaak
Izzet
Jaber
Jabir
Jacco
Jacey
Jacko
Jacky
Jacob
Jaden
Jadey
Jadie
Jadon
Jaela
Jafar
Jaidy
Jaike
Jaime
Jaimy
Jainy
Jairo
Jakko
Jakob
Jakub
Jalal
Jalil
Jamai
Jamal
Jamel
James
Jamey
Jamie
Jamil
Janco
Janet
Janey
Janie
Janik
Janis
Janke
Janko
Janna
Janne
Janno
Janny
Janou
Jante
Janus
Japke
Jarco
Jardi
Jared
Jarik
Jarmo
Jarne
Jarno
Jarod
Jaron
Jasin
Jason
Jauke
Jawad
Jayce
Jayda
Jayla
Jayme
Jayne
Jayro
Jazzy
Jeany
Jefta
Jelco
Jelka
Jelke
Jella
Jelle
Jelly
Jelte
Jenna
Jenne
Jenno
Jenny
Jense
Jente
Jeppe
Jered
Jermo
Jermy
Jerom
Jeron
Jerre
Jerry
Jerzy
Jesca
Jeska
Jeske
Jessa
Jesse
Jessi
Jessy
Jesus
Jetse
Jette
Jetty
Jetze
Jevon
Jewel
Jibbe
Jidde
Jihad
Jihan
Jikke
Jilke
Jille
Jilly
Jimme
Jimmy
Jinke
Jinte
Jippe
Jisca
Jiska
Jiske
Jisse
Jitse
Jitte
Jitze
Jivan
Joana
Joann
Joany
Jobbe
Jobje
Jodie
Joeke
Joell
Joeri
Joery
Johan
Johny
Jolan
Jolie
Jolle
Jolyn
Jonah
Jonas
Jonie
Jonna
Jonne
Jonno
Jonny
Jools
Joost
Joppe
Joram
Joran
Jordi
Jordy
Joren
Jorge
Jorgo
Jorie
Jorik
Jorim
Jorin
Joris
Jorit
Jorja
Jorna
Jorne
Jorno
Jornt
Jorre
Josca
Josef
Josha
Joshi
Josia
Josie
Josip
Josja
Josje
Joska
Joske
Josse
Josta
Josua
Jouke
Jouri
Joury
Jovan
Joyca
Joyce
Jozef
Jozua
Juana
Judah
Judie
Judit
Jules
Julia
Julie
Julio
Julot
Jurie
Jurre
Justa
Jutta
Jyoti
Jytte
Kader
Kadir
Kaily
Kajal
Kajol
Kaleb
Kalle
Kamal
Kamil
Karam
Karan
Karel
Karen
Karim
Karin
Karla
Karlo
Karst
Kasim
Kathy
Katia
Katie
Katja
Katya
Kayla
Kayne
Kayra
Kazim
Keano
Keanu
Keely
Keira
Keith
Kelly
Kelsy
Kemal
Kenan
Kenji
Kenny
Kenza
Kenzo
Keona
Kerem
Kerim
Kevin
Kiana
Kiara
Kicky
Kikki
Kimmy
Kinga
Kiomi
Kiona
Kiran
Kirby
Kirsi
Kirti
Kitty
Kjeld
Kjell
Kjelt
Klaas
Klara
Kobus
Koert
Komal
Koray
Krijn
Krina
Kubra
Kwaku
Kwame
Kwint
Kyana
Kyano
Kyara
Kylie
Kyona
Kyran
Ladan
Laila
Lamar
Lamia
Lamya
Lance
Lando
Larry
Lasse
Latif
Laura
Laure
Lauri
Laury
Layla
Lazar
Lazlo
Leana
Leann
Leena
Leida
Leidy
Leigh
Leila
Lejla
Lemar
Lenie
Lenka
Lenna
Lenne
Lenno
Lenny
Lente
Leona
Leone
Leoni
Leony
Leora
Leroy
Lesly
Levin
Levon
Lewis
Leyla
Liana
Liane
Liban
Libby
Lidia
Lieke
Liena
Liene
Liese
Lieve
Lieze
Lilia
Lilli
Lilly
Lincy
Linda
Linde
Lindi
Lindy
Linet
Linne
Linsy
Linus
Liona
Liora
Liron
Lisan
Liset
Liske
Lissa
Lisse
Lissy
Livia
Lizan
Lizet
Lizzy
Lloyd
Lobke
Lobna
Loeka
Loeke
Loeki
Loena
Logan
Lolke
Lonne
Loran
Loren
Lorin
Loris
Lorna
Lotfi
Lotje
Lotta
Lotte
Lotti
Lotty
Lotus
Louis
Louka
Louke
Loura
Louwe
Lowie
Luana
Lubna
Lucas
Lucca
Lucia
Lucie
Lucky
Luigi
Luisa
Luite
Lukas
Luuke
Lycke
Lydia
Lydie
Lynda
Lynne
Lysan
Mabel
Macey
Macha
Maddy
Madee
Maeve
Magda
Maggy
Mahad
Mahdi
Maher
Mahir
Mahsa
Maick
Maico
Maida
Maide
Maika
Maike
Maiko
Maiky
Maira
Maite
Majda
Majid
Malak
Malik
Malin
Maloe
Malon
Malou
Malte
Manal
Manar
Mandy
Manel
Manja
Manna
Manoe
Manon
Manou
Manus
Marah
Maral
Maran
Marck
Marco
Marek
Marel
Maren
Maret
Marga
Margo
Maria
Marie
Marij
Marik
Marin
Mario
Maris
Marit
Marja
Marjo
Marko
Marla
Marle
Marli
Marlo
Marly
Maron
Marre
Marry
Marta
Marte
Marty
Marwa
Marye
Maryn
Masha
Masja
Mason
Matea
Matej
Mateo
Mathe
Matin
Matti
Matts
Matty
Maudi
Maudy
Maura
Mauri
Mauro
Maury
Mavis
Maxim
Mayke
Mayla
Mayon
Mayra
Maysa
Mayte
Mazen
Meeke
Meera
Megan
Meggy
Mehdi
Meike
Meine
Meint
Melda
Melek
Melih
Melik
Melis
Melle
Memet
Mendy
Menke
Menko
Menna
Menne
Menno
Menzo
Meral
Mercy
Merel
Meric
Merit
Merle
Merve
Meryl
Mesut
Metin
Metje
Mette
Meyke
Micah
Micha
Micky
Midas
Mieke
Mient
Mijke
Mikai
Mikal
Mikel
Mikey
Mikki
Milad
Milan
Milco
Miles
Milka
Milko
Milla
Mille
Milly
Miloe
Milos
Milou
Mindy
Minka
Minke
Minne
Minou
Mirac
Miran
Miray
Mirco
Mirja
Mirko
Mirle
Mirna
Mirne
Miron
Mirre
Mirte
Mirza
Misha
Misja
Misty
Mitch
Mitra
Mitzi
Mitzy
Moana
Moira
Moise
Molly
Monir
Monja
Morad
Moses
Moshe
Moska
Mouad
Mouna
Mozes
Murad
Murat
Musab
Mutlu
Mylan
Mylou
Myrle
Myrna
Myrne
Myron
Myrte
Naara
Nabil
Nader
Nadia
Nadie
Nadim
Nadin
Nadir
Nadja
Nadya
Nahid
Nahom
Naila
Naima
Naime
Najat
Najia
Najib
Najim
Najla
Najma
Najwa
Nancy
Nanda
Nandi
Nando
Nandy
Nanet
Nanja
Nanke
Nanko
Nanna
Nanne
Nanno
Nanny
Nanou
Naomi
Naomy
Narek
Narin
Nasim
Nasir
Nasra
Natan
Navid
Navin
Nawal
Nawid
Nawin
Nazan
Nazar
Nazha
Nazia
Nazik
Nazim
Nazli
Necip
Necla
Nedim
Neele
Nejla
Nelie
Nelis
Nella
Nelly
Nenad
Neomi
Nevil
Nevin
Nevra
Nezha
Niall
Niamh
Nicci
Nicki
Nicky
Nicol
Nidal
Nieck
Nieke
Niels
Niene
Nigel
Nihad
Nihal
Nihat
Nikai
Nikay
Nikee
Nikie
Nikki
Nikky
Nikos
Nilab
Nilay
Nimet
Ninah
Ninja
Ninke
Ninon
Niobe
Nisha
Nitin
Nizar
Noach
Noell
Noemi
Nolan
Norah
Norma
Noura
Nouri
Noury
Numan
Nuran
Nuray
Nuria
Nydia
Nygel
Nynke
Ocean
Odile
Oktay
Olcay
Olger
Onder
Orcun
Orhan
Orhun
Orion
Orkun
Orrin
Osama
Oscar
Oskar
Osman
Otman
Otmar
Ouafa
Ouail
Ouiam
Ozcan
Ozgul
Ozgur
Ozhan
Ozkan
Ozlem
Oznur
Pablo
Paddy
Paige
Paola
Paolo
Parel
Paris
Parsa
Patty
Paula
Paulo
Pavan
Pavel
Pawan
Payam
Pearl
Pedro
Peggy
Pelin
Pelle
Penny
Percy
Perla
Perry
Petar
Peter
Petra
Petri
Phebe
Pieke
Pieta
Pijke
Pilar
Pinar
Piotr
Pippa
Pippi
Piter
Pjotr
Pleun
Polat
Polle
Polly
Pomme
Pooja
Popke
Priya
Purdy
Qasim
Quang
Quido
Quinn
Quint
Rabab
Rabia
Rabie
Racha
Radha
Radia
Rafik
Rafiq
Rafke
Ragna
Rahel
Rahim
Rahma
Rahul
Raisa
Raiza
Rajaa
Rajae
Rajiv
Rajko
Rajni
Ralph
Raman
Ramin
Ramiz
Ramla
Ramon
Ramzi
Ramzy
Randa
Randi
Randy
Rania
Ranil
Ranya
Raoel
Raouf
Raoul
Rasha
Rasim
Rasit
Ratna
Raven
Ravin
Ravza
Rawan
Rayan
Rayen
Rayna
Razia
Recep
Reece
Reena
Reggy
Reina
Reini
Reint
Remco
Remie
Remke
Remko
Remon
Remzi
Renco
Renee
Renko
Rense
Renso
Renze
Renzo
Resul
Reyer
Rhode
Rhona
Riana
Ricco
Ricky
Ridge
Rieke
Rieks
Rienk
Rifat
Rifka
Rihab
Riham
Rikje
Rikke
Rikst
Rikus
Riley
Rimke
Ringo
Rinke
Rinse
Rinus
Rinze
Rishi
River
Rivka
Roald
Robbe
Robby
Robel
Roben
Robin
Robyn
Rocco
Roche
Rocky
Rodin
Rodny
Roelf
Roger
Rohan
Rohit
Rojda
Rojin
Rokus
Roman
Romar
Romay
Romee
Romek
Romeo
Romie
Romke
Romme
Rommy
Ronan
Ronin
Ronja
Ronny
Rosan
Rosie
Rover
Rowan
Rowdy
Rowen
Rowie
Rowin
Roxan
Royce
Rozan
Ruard
Ruben
Rubin
Rudie
Rufus
Ruurd
Ruwan
Sabah
Saban
Saber
Sabir
Sabri
Sacha
Sadaf
Sadia
Sadie
Sadik
Saeed
Safaa
Safae
Safak
Safia
Sagal
Sagar
Sahar
Sahel
Sahil
Sahin
Sahra
Saida
Saima
Saira
Salah
Salar
Saleh
Salem
Salih
Salim
Sally
Salma
Salwa
Samah
Saman
Samar
Samed
Samer
Samet
Samia
Samir
Sammy
Samra
Samya
Sanaa
Sanae
Sanaz
Sandy
Sanel
Sania
Sanja
Sanna
Sanne
Sanny
Sanya
Sapna
Sarah
Sarai
Sarie
Saron
Sarra
Sasha
Sasja
Savas
Sayed
Scott
Sebas
Secil
Sedat
Sedef
Seema
Sefer
Seger
Seher
Seine
Sejla
Selda
Selen
Selim
Selin
Selma
Selvi
Semih
Semir
Semmy
Semra
Senad
Senay
Senem
Senna
Senne
Senta
Seppe
Serah
Serap
Seray
Seren
Serge
Sergi
Serra
Serve
Seval
Sevda
Sevde
Sevgi
Sevil
Sevim
Seyda
Seyed
Seyit
Seyma
Sezen
Sezer
Shade
Shadi
Shady
Shahd
Shana
Shane
Shara
Shari
Shaun
Shawn
Shaya
Sheng
Shima
Shira
Shiva
Shona
Siard
Sibel
Sicco
Sidar
Sidra
Siebe
Sieds
Sieme
Siena
Sierd
Sierk
Siert
Sieta
Siete
Sifra
Siham
Sijke
Sikke
Sikko
Silas
Silja
Silje
Silke
Silva
Silvy
Simen
Simge
Simon
Sinan
Sindy
Sinem
Sinne
Sipke
Sirin
Siska
Sissi
Sissy
Sivan
Sivar
Sjaak
Sjeel
Sjeng
Sjirk
Sjors
Sjuul
Smail
Sofia
Sofie
Somia
Sonam
Sonay
Soner
Sonia
Sonja
Sonny
Sonya
Soren
Souad
Spike
Stach
Stacy
Stans
Steef
Steff
Stein
Stern
Steve
Steyn
Stian
Stijn
Storm
Sueda
Sukru
Suman
Sunil
Sunny
Suraj
Surya
Susan
Suzan
Suzet
Suzie
Syeda
Sylke
Symen
Symon
Sytse
Sytze
Taede
Taeke
Tahir
Talha
Talia
Talip
Tamar
Tamer
Tamme
Tammo
Tammy
Taner
Tania
Tanja
Tanju
Tanne
Tanno
Tansu
Tanya
Tarah
Taran
Tarek
Tarik
Tariq
Tasha
Tatum
Teake
Teddy
Teije
Terra
Terri
Terry
Teska
Teske
Tessa
Tesse
Tessy
Tetje
Teuna
Teuni
Tevin
Thanh
Thara
Thari
Thera
Theun
Thies
Thieu
Thije
Thijm
Thijn
Thijs
Thimo
Thuur
Thymo
Thyra
Tiago
Tiamo
Tiana
Tiara
Tibbe
Tibor
Ticho
Tiddo
Tiede
Tieme
Tiemo
Tijme
Tilly
Timen
Timme
Timmo
Timmy
Timon
Timur
Tinka
Tinke
Tinus
Tirsa
Tirza
Tisha
Titia
Titus
Tjade
Tjark
Tjerk
Tobie
Toine
Tolga
Tomas
Tomer
Tommy
Tonia
Tonny
Tosca
Tracy
Tromp
Trudy
Trung
Tuana
Tufan
Tugay
Tugba
Tugce
Tulay
Tulin
Turan
Tuyet
Tyara
Tycho
Tyler
Tymen
Tymon
Tyron
Tyrza
Tyson
Uilke
Umran
Urvin
Usama
Usman
Vadim
Vahid
Vanja
Vanya
Varun
Vasco
Vedat
Veere
Veron
Vesna
Vicky
Vidar
Vidya
Viggo
Vijay
Vinay
Vince
Vinny
Vinod
Viola
Viona
Vonne
Vural
Wafaa
Wafae
Wahid
Waldo
Walid
Wanda
Waqas
Warda
Wasim
Wayne
Wenda
Wendy
Wenke
Wesly
Wiard
Widad
Wiebe
Wieke
Wierd
Wiert
Wijbe
Wilco
Wilke
Wilko
Willy
Wilma
Wimke
Winny
Wisal
Wisse
Wobbe
Wopke
Wouke
Wubbo
Wytse
Wytze
Xanne
Xenia
Yaela
Yahia
Yahya
Yahye
Yakup
Yalda
Yamna
Yanna
Yanou
Yarah
Yaren
Yarno
Yaron
Yasar
Yaser
Yasin
Yasir
Yavuz
Yazid
Yelda
Yeliz
Yenna
Yente
Yentl
Yesim
Yesse
Yeter
Yigit
Ylana
Ylona
Ymkje
Ynske
Yoell
Yoeri
Yonah
Yonca
Yonis
Yonna
Yonne
Yoram
Yoran
Yordi
Yordy
Yorik
Yorin
Yosef
Yoshi
Yosra
Yosri
Youri
Ytsje
Yucel
Yunus
Yusra
Yusuf
Yvana
Zafer
Zahia
Zahid
Zahir
Zahra
Zaina
Zakia
Zarah
Zeger
Zehra
Zelal
Zelda
Zenab
Zenna
Zenzi
Zerda
Zhane
Ziggy
Zilan
Zilla
Zinab
Zineb
Zinzi
Zohal
Zohra
Zonne
Zoran
Zosja
Zowie
Zuhal
Zulal
Zumra
Zwier
Aagtje
Aaltje
Aantje
Aartie
Aartje
Abdoel
Acelya
Achmed
Achraf
Adinda
Aditya
Adnane
Adrian
Agatha
Agathe
Agneta
Agnita
Ahalam
Aileen
Aimane
Ainhoa
Aischa
Aissam
Akaash
Akshay
Alanis
Albert
Albina
Aldert
Aleida
Alessa
Aletta
Alette
Alexia
Alexis
Aleyna
Alfons
Alfred
Alican
Alicia
Alicja
Alieke
Aliene
Alihan
Alijda
Alinda
Alinde
Alisha
Alisia
Alison
Alissa
Aliyah
Allard
Allert
Almina
Almira
Alvaro
Alycia
Alysha
Alysia
Alyssa
Amadou
Amalia
Amanda
Amando
Amelia
Amelie
Amerik
Amisha
Amresh
Amrish
Amrita
Anabel
Ananda
Anandi
Anders
Andrea
Andrei
Andrej
Andres
Andrew
Anette
Angela
Angele
Angelo
Anieke
Anique
Anisha
Anissa
Anjali
Anjana
Anjani
Anjuli
Anneke
Anneli
Annely
Annick
Anniek
Annika
Anniko
Annisa
Annouk
Anouar
Anouck
Anthea
Anthon
Antoni
Antony
Antoon
Antsje
Antwan
Anusha
Anuska
Aranka
Ardian
Ardina
Arenda
Ariana
Ariane
Arieke
Ariena
Arigje
Arinda
Arjuna
Arlene
Armaan
Armand
Armano
Arnaud
Arnela
Arnold
Arnoud
Arnout
Arshad
Arslan
Arthur
Arvind
Ashana
Ashish
Ashkan
Ashley
Ashraf
Ashton
Ashvin
Ashwan
Ashwin
Aslhan
Asmara
Astrid
Asuman
Atakan
Athina
Atilla
Attila
Audrey
August
Aurora
Austin
Avalon
Axelle
Aybike
Ayesha
Ayleen
Aymane
Ayrton
Ayyoub
Babeth
Bachir
Badria
Bailey
Balder
Bareld
Barend
Barrie
Bartel
Bartha
Bartje
Bartus
Baruch
Bashir
Basten
Battal
Baukje
Bayram
Belgin
Benice
Benita
Benito
Bennet
Bennie
Benoit
Benthe
Berbel
Berber
Berdan
Berend
Berfin
Berjan
Berkan
Berkay
Bernie
Bernou
Berrie
Bertha
Berthe
Bertil
Bertus
Bessel
Bettie
Bianca
Bibian
Bilaal
Billal
Billie
Bionda
Bircan
Birgit
Birgul
Birkan
Birsen
Birthe
Bjarne
Blanca
Bloeme
Bobbie
Bodien
Bodine
Bogdan
Bojana
Bonita
Bonnie
Boukje
Bowien
Bradly
Brahim
Branco
Brando
Brandy
Branko
Brayen
Brecht
Bregje
Brenda
Brenna
Brigit
Britta
Britte
Bryant
Bulent
Burcin
Burhan
Bushra
Caesar
Cagdas
Caglar
Cailey
Callum
Calvin
Camiel
Camila
Camilo
Cansel
Carice
Carien
Carina
Carine
Carlin
Carlos
Carlyn
Carmel
Carmen
Carola
Carole
Caspar
Casper
Ceciel
Cecile
Cedric
Celena
Celina
Celine
Cemile
Cengiz
Cennet
Ceriel
Cerise
Ceyhun
Ceylan
Ceylin
Chadia
Chafik
Chahid
Chaima
Chaira
Chakib
Chakir
Chanel
Channa
Chanou
Chante
Charaf
Charel
Charif
Charis
Charly
Charon
Chavez
Chayen
Chelly
Chelsy
Chendo
Chenna
Chenoa
Cherry
Cheryl
Chiara
Chiron
Christ
Ciaran
Cigdem
Cindel
Claire
Claudy
Collin
Conner
Connie
Connor
Conrad
Coosje
Corbin
Corien
Corina
Corine
Cornee
Cornel
Corrie
Corwin
Coskun
Crissy
Crista
Cristy
Cunera
Cuneyt
Curtis
Cyanne
Cyrano
Cyriel
Cyrina
Dafina
Dagmar
Dahlia
Daimen
Dajana
Dakota
Dalila
Damian
Damien
Damini
Damion
Damyan
Danial
Danica
Danice
Danick
Daniek
Daniel
Danika
Danila
Danilo
Danine
Danish
Danita
Danyal
Danyel
Daphna
Daphne
Daphny
Dardan
Darian
Darius
Darrel
Darren
Darryl
Darwin
Daryll
Dascha
Davida
Davide
Davina
Davine
Davita
Deacon
Deanne
Debbie
Debora
Declan
Deejay
Deepak
Delana
Delano
Delany
Delila
Delina
Demian
Demien
Denian
Denice
Denisa
Denise
Denley
Dennes
Dennie
Dennis
Denyse
Denzel
Derkje
Dervis
Desire
Desley
Desney
Destin
Detlef
Devano
Deveny
Devika
Devina
Devlin
Devran
Devrim
Dewika
Dexter
Dhiraj
Dianne
Didier
Diemer
Dienke
Diesel
Dieter
Dijana
Dilana
Dilano
Dilara
Dilber
Dillan
Dillen
Dillon
Dimara
Dimphy
Dinand
Dinant
Dineke
Dinesh
Dionne
Dirkje
Ditmar
Divano
Divera
Divine
Djairo
Djamel
Django
Djarno
Djenna
Djesse
Djimmy
Djoeke
Djonno
Djordi
Djordy
Djurre
Dmitri
Doenja
Doetje
Domino
Donald
Donato
Donnie
Dorcas
Doreen
Dorian
Dorien
Dorina
Dorine
Dorith
Dorris
Dorrit
Dounia
Dounya
Dragan
Duncan
Durkje
Durmus
Dursun
Dustin
Dwayne
Dwight
Dyanne
Dylana
Dylano
Dyllan
Dymphy
Dyonne
Echica
Edanur
Edison
Edmond
Edmund
Eduard
Edward
Edwina
Edzard
Eelkje
Efekan
Efraim
Egbert
Egemen
Eibert
Eileen
Eilish
Eimert
Elaine
Elanur
Elbert
Eldert
Eliana
Eliane
Eliene
Elijah
Elisah
Elisha
Elissa
Elleke
Elliot
Elmira
Elodie
Eloise
Elsien
Elsina
Elvera
Elvira
Elvire
Emelia
Emelie
Emilia
Emilie
Emilio
Emmaly
Emmeke
Emmely
Emmily
Enrico
Erdinc
Ericus
Ernest
Esther
Eugene
Eunice
Evanne
Evelyn
Fabian
Fabien
Fadila
Fadime
Fadoua
Faduma
Fadumo
Fahima
Faisal
Faisel
Faizel
Fallon
Fannie
Faouzi
Fardau
Fardin
Fardou
Farhad
Farhan
Farida
Farina
Farley
Farouk
Farrah
Fatema
Fatiha
Fatima
Fatime
Fatine
Fausto
Fauzia
Faycal
Faysal
Fedoua
Feikje
Felice
Felien
Feline
Felipe
Femmie
Fennie
Ferdie
Ferenc
Ferhan
Ferhat
Feride
Ferran
Ferrie
Ferris
Ferron
Feyyaz
Fianne
Fijgje
Fikret
Fikria
Filipe
Finley
Fjodor
Flavia
Flavio
Floran
Floris
Florus
Foekje
Fouzia
Franca
Franck
Franco
Franka
Franke
Franky
Frauke
Freddy
Freeke
Freerk
Freija
Frenky
Frieda
Frouke
Furkan
Gaelle
Galina
Ganesh
Gareth
Gaston
Geanne
Geerke
Geerte
Geesje
Geeske
Gelske
Geneva
Geordi
Geordy
George
Gerald
Gerard
Gerben
Gerjan
Gerjon
Gerlof
Germen
Gerrie
Gerrit
Gersom
Gerson
Gerwin
Gesina
Gezina
Gianna
Gianne
Gianni
Gianno
Gianny
Gideon
Gidion
Gijsje
Gilano
Giliam
Gilian
Gilles
Gillis
Gilmar
Gineke
Ginger
Giomar
Gisela
Giulia
Giulio
Givano
Gladys
Glenda
Glenny
Gloria
Glynis
Gokhan
Gonnie
Gordon
Gorkem
Govert
Gracia
Gradus
Graeme
Graham
Gregor
Gretha
Gulcan
Gulcin
Gulden
Guleed
Gulhan
Gulsah
Gulsen
Gulsum
Gulten
Gunnar
Gurkan
Gustav
Guusje
Gwenda
Gwenny
Habiba
Habibe
Hafida
Hafize
Hafssa
Haidar
Haider
Hailey
Haitam
Hakima
Halima
Halime
Hamida
Hamide
Hamzah
Hanane
Handan
Hanifa
Hanife
Hanifi
Hannah
Hannan
Hannes
Hannie
Hansje
Harald
Harley
Harman
Harmen
Harmke
Haroen
Harold
Haroun
Harrie
Harvey
Harwin
Hashim
Hasibe
Hasnae
Hasret
Hassan
Hatice
Hayati
Haydar
Hayley
Heaven
Hector
Hediye
Hedwig
Hedzer
Heimen
Helder
Heleen
Helena
Helene
Hellen
Helmer
Hendri
Hendry
Hennie
Henrie
Henrik
Herjan
Herman
Hermen
Herwin
Hessel
Hester
Hicham
Hicran
Hielke
Hikmet
Hilary
Hillie
Hiltje
Hisham
Holger
Hossam
Houria
Howard
Hubert
Huriye
Husein
Hylkje
Ianthe
Idriss
Ihsane
Ikrame
Ilayda
Ilaysa
Ilhame
Iliass
Ilknur
Illias
Ilonca
Ilonka
Ilyaas
Ilyass
Imelda
Imogen
Imraan
Imrane
Indigo
Indira
Ingmar
Ingrid
Inssaf
Ioanna
Irfaan
Irving
Isabel
Isaiah
Isaura
Ishaan
Ishana
Ishani
Ishara
Ishika
Ismael
Ismail
Isobel
Isolde
Issrae
Ivanka
Ivanna
Ivette
Ivonne
Jaafar
Jackie
Jaclyn
Jacoba
Jafeth
Jaiden
Jaimey
Jaimie
Jakoba
Jalila
Jalisa
Jamahl
Jamila
Jamiro
Janice
Janick
Janiek
Janien
Janina
Janine
Janita
Jannah
Jannes
Jannet
Jannie
Jannik
Jannis
Janouk
Jansje
Janske
Jantje
Jaouad
Jarich
Jarick
Jaring
Jascha
Jasmin
Jasmyn
Jasper
Jassin
Javier
Jayant
Jaydan
Jaydee
Jayden
Jaydon
Jaylee
Jaylen
Jaylin
Jaymie
Jayson
Jeanet
Jeanne
Jeanny
Jeffry
Jefrey
Jeftha
Jelani
Jelena
Jelger
Jelisa
Jellie
Jelmar
Jelmer
Jelske
Jeltje
Jemima
Jenine
Jenita
Jennie
Jenske
Jenthe
Jentje
Jeremi
Jeremy
Jerina
Jerney
Jeroen
Jerome
Jeromy
Jerrel
Jersey
Jesaja
Jesmer
Jesper
Jessey
Jessie
Jessin
Jethro
Jetske
Jettie
Jhonny
Jihane
Jildau
Jildou
Jilles
Jillis
Jimmie
Jinthe
Jitske
Joakim
Joanie
Jo-Ann
Jo-ann
Joanna
Joanne
Jochem
Jochen
Jochum
Joella
Joelle
Joerie
Johann
Johnno
Johnny
Joleen
Jolein
Jolene
Jolien
Jolijn
Jolina
Joline
Jolisa
Joosje
Jooske
Jorben
Jordan
Jorden
Jordey
Jordie
Jordin
Jorgen
Jorian
Jorick
Jorien
Jorijn
Jorike
Jorina
Jorine
Jorren
Jorrik
Jorrin
Jorrit
Joseph
Joshua
Josiah
Josias
Josien
Josina
Josine
Joukje
Jovana
Jozeph
Jozias
Jozien
Jozina
Judith
Julian
Julide
Julien
Juliet
Julika
Julisa
Julius
Junaid
Junior
Jurgen
Jurian
Jurick
Jurien
Jurjan
Jurjen
Jurren
Jurrie
Jurrit
Justen
Justin
Justus
Juulke
Kaatje
Kadija
Kailey
Kalina
Kamiel
Kamila
Kamile
Kamran
Kareem
Kariem
Karien
Karijn
Karima
Karina
Karine
Karmen
Karola
Karuna
Karwan
Kashif
Kaspar
Kasper
Katrin
Kavish
Kavita
Kawita
Kawtar
Kaydee
Kaylee
Kayley
Kaylie
Kaylin
Keenan
Keimpe
Keisha
Kelley
Kellie
Kelsey
Kelvin
Kendra
Kenley
Kenney
Kerwin
Keshia
Kester
Kevser
Kezban
Keziah
Khadra
Khadya
Khaled
Khalid
Khalil
Kiefer
Kieran
Kilian
Kimber
Kirsty
Kishan
Kishen
Kiymet
Klaske
Kommer
Konrad
Koosje
Krijna
Krissy
Krista
Kristi
Kristy
Kursad
Kursat
Kylian
Kyrill
Lahbib
Lahcen
Lalita
Lamiae
Lammie
Lamyae
Larisa
Laszlo
Latifa
Latife
Latoya
Lauran
Laurel
Lauren
Laurie
Laurus
Lauryn
Lavina
Leanne
Leeroy
Lenard
Lennie
Lennon
Lennox
Lenthe
Leonie
Leonne
Lesley
Leslie
Lester
Leunis
Levent
Levien
Levina
Lianda
Lianna
Lianne
Libaan
Lidian
Liefke
Lienke
Liesje
Lieske
Lieuwe
Lieven
Lijsje
Lilian
Lilith
Lindey
Lindsy
Lineke
Linsey
Lionel
Lionne
Lizzie
Loekie
Loesje
Lokman
Lolita
Lolkje
Lorain
Loreen
Lorena
Lorenz
Lorijn
Lottie
Loubna
Louisa
Louise
Louiza
Loulou
Lucian
Lucien
Lucius
Ludwig
Lukasz
Lutske
Lyanne
Lydian
Lyndon
Lynsey
Maaike
Maasje
Maatje
Maayke
Maciej
Madhvi
Madiha
Madina
Magali
Maggie
Magnus
Mahmud
Mahmut
Maikel
Maisam
Maissa
Majida
Malena
Malika
Manish
Manita
Mannes
Mannus
Manoah
Manoek
Manouk
Mansur
Manuel
Marcel
Marcha
Marcia
Marcin
Marcio
Marcos
Marcus
Marein
Marell
Mareno
Margit
Margje
Margot
Mariah
Mariam
Marian
Marick
Mariel
Mariem
Marien
Mariet
Marija
Marije
Marijn
Marika
Marike
Mariko
Marina
Marine
Marino
Marion
Marisa
Marise
Marita
Marith
Marius
Marjam
Marjan
Marjet
Marjon
Markus
Marley
Marlie
Marlin
Marloe
Marlon
Marlot
Marlou
Marlyn
Marnik
Marnix
Maroua
Marrie
Marrit
Marsha
Marten
Martha
Marthe
Martin
Martje
Martyn
Marvin
Marwan
Marwin
Maryam
Maryan
Maryem
Maryse
Mascha
Masoud
Master
Mathea
Mathew
Mathis
Mathyn
Mathys
Matias
Matijn
Matijs
Matteo
Matthe
Mattia
Mattie
Mattis
Maurik
Maxime
Maxine
Maykel
Maylin
Mayron
Mazlum
Meagan
Medina
Medine
Meggie
Meghan
Mehmed
Mehmet
Mehran
Mehtap
Meinke
Meinte
Melani
Melany
Melati
Meliha
Melika
Melike
Melina
Melisa
Melody
Melroy
Meltem
Melvin
Melvyn
Melwin
Mendel
Menthe
Merdan
Meriam
Merian
Meriem
Merijn
Merith
Merlin
Merlyn
Mervin
Mervyn
Merwin
Meryam
Meryem
Mevlut
Michal
Michel
Michon
Michou
Mickel
Mickey
Mignon
Miguel
Mikael
Mikail
Milana
Milano
Milena
Milene
Milica
Milika
Millie
Miloud
Milton
Mimoun
Mingus
Minouk
Miquel
Mirela
Miriam
Mirian
Mirjam
Mirjan
Mirsad
Mirthe
Miryam
Mischa
Moesha
Mohini
Mohsin
Moises
Monica
Moniek
Monika
Morena
Moreno
Morgan
Moritz
Morris
Morsal
Morten
Mouaad
Moulay
Mounia
Mounir
Mourad
Moussa
Muhsin
Munira
Muriel
Muslum
Mylene
Myriam
Myrthe
Nabila
Naciye
Nadeem
Nadege
Nadiah
Nadieh
Nadien
Nadina
Nadine
Nadira
Nadiya
Naduah
Nafisa
Najiha
Najima
Najlae
Najoua
Nakita
Nalini
Nander
Nanine
Nanouk
Naomie
Naoual
Naouar
Naresh
Narges
Nargis
Nasima
Nasira
Nasser
Nassim
Nassir
Natali
Nataly
Natasa
Nathan
Navajo
Naveen
Nawfal
Nawien
Nayomi
Nazife
Naziha
Necati
Neelam
Neelke
Nefise
Neline
Nellie
Nelson
Nerena
Nergiz
Nermin
Nesibe
Nesrin
Nevzat
Nickey
Nicola
Nicole
Nienke
Niesje
Nieske
Nighel
Nikhil
Nikita
Nikkie
Niklas
Nikola
Nilesh
Nilgun
Ninthe
Nisrin
Nitesh
Nivard
Niyazi
Noelia
Noella
Noelle
Noemie
Noraly
Nordin
Noreen
Norine
Norman
Nouria
Nurcan
Nurdan
Nurgul
Nurhan
Nuriye
Nursel
Nurten
Nusret
Nyncke
Odessa
Odette
Odilia
Oebele
Oliver
Olivia
Omaima
Omaira
Omayma
Omayra
Oriana
Orpheo
Ossama
Othman
Ouafaa
Ouafae
Oualid
Ouarda
Ouidad
Oumnia
Ousama
Pakize
Paloma
Pamela
Parisa
Pascal
Patric
Patrik
Patryk
Paulus
Pedram
Pepijn
Pepita
Petros
Petrus
Petter
Philip
Phoebe
Phuong
Pierre
Pieter
Pietje
Pietro
Pleuni
Poonam
Prince
Prisca
Purdey
Pytsje
Queeny
Quincy
Quinta
Quinte
Quinty
Rabiaa
Rabiya
Rabiye
Rachel
Rachid
Radwan
Raemon
Rafael
Rafika
Ragini
Rahima
Rahime
Rahman
Railey
Raimon
Rainer
Raisha
Raissa
Rajeev
Rajesh
Rakesh
Ramiro
Ramona
Ramses
Raquel
Rashid
Rashmi
Rasmus
Ravian
Ravish
Rawien
Rayane
Raymon
Raynor
Raziye
Reamon
Rebeca
Redmar
Redmer
Reduan
Redwan
Reggie
Regina
Regine
Reijer
Reimer
Reinie
Reitze
Renata
Renate
Renato
Renger
Renier
Rensje
Renske
Renuka
Reshma
Reuben
Rewien
Reyhan
Rhandy
Rhonda
Rianca
Rianda
Rianka
Rianna
Rianne
Richel
Richie
Rickey
Ridvan
Ridwan
Riekje
Rielle
Riemer
Riemke
Rienke
Rients
Riette
Rigtje
Rijkje
Rilana
Rimmer
Rineke
Rinesh
Rinske
Rintje
Rishan
Rishma
Ritchy
Ritesh
Ritish
Ritske
Rivano
Rizwan
Roanne
Robbie
Robbin
Robert
Robina
Robine
Rochdi
Rochus
Rodger
Rodney
Roelie
Roelle
Roelof
Roemer
Rogier
Rohini
Roland
Rolien
Rolina
Roline
Romain
Romana
Romano
Romany
Romero
Romijn
Romina
Romkje
Ronald
Ronnie
Roosje
Rosali
Rosaly
Rosana
Roshan
Roshni
Rosina
Rosita
Rowana
Rowena
Rowina
Roxana
Roxane
Rozina
Rubina
Rudger
Rudmer
Rudolf
Rueben
Rukiye
Rushil
Rutger
Rutmer
Ryanne
Rylana
Saadet
Saadia
Saagar
Saakje
Saapke
Sabien
Sabiha
Sabina
Sabine
Sabira
Sabria
Sabrin
Safina
Safira
Safiya
Safiye
Safwan
Sahila
Sakina
Sakine
Saliha
Salima
Salina
Salman
Salome
Saloua
Samara
Sameer
Samiha
Samina
Samira
Sammie
Samora
Samsam
Samson
Samuel
Samyra
Sancho
Sander
Sandia
Sandor
Sandra
Sandro
Sanela
Saniye
Sanjay
Sanjin
Sannah
Sarena
Sarina
Sarita
Sascha
Saskia
Satish
Savana
Savine
Scotty
Sebnem
Sefika
Selami
Selcan
Selcuk
Selena
Selene
Selina
Seline
Selman
Selwin
Selwyn
Semiha
Semira
Sennah
Seraja
Serana
Serano
Seraya
Sercan
Serdal
Serdar
Serena
Sergei
Sergej
Sergen
Sergio
Serhan
Serhat
Serife
Serina
Serkan
Serpil
Sertac
Sertan
Servet
Sevcan
Sevinc
Sevket
Sevval
Seyhan
Seyyed
Seyyid
Sezgin
Shahid
Shahin
Shaila
Shaima
Shaina
Shaira
Shakir
Shakur
Shamir
Shania
Shanna
Shanne
Shanon
Shanti
Shanty
Shanya
Sharan
Sharda
Sharde
Sharen
Sharif
Sharin
Sharon
Shauna
Shauni
Shauny
Shawny
Shayan
Shayla
Shayna
Shayne
Shazia
Sheena
Sheila
Shelby
Shelly
Shenna
Sherif
Sherin
Sheryl
Shiela
Shifra
Shilan
Shirin
Shirly
Shivam
Shivan
Shreya
Shukri
Sibren
Sidney
Sieger
Siemen
Siemon
Sienna
Sierra
Sietse
Sietze
Sigrid
Sijgje
Sijmen
Sijmon
Sijtje
Sijtse
Sijtze
Silvan
Silver
Silvia
Silvie
Silvio
Simcha
Simeon
Simona
Simone
Simran
Sinead
Sippie
Sjanne
Sjoerd
Sjoert
Sjouke
Skylar
Soesja
Sofian
Sofyan
Sohaib
Sohail
Sohrab
Solana
Solane
Soleil
Solmaz
Somaya
Sonali
Songul
Sophia
Sophie
Soraja
Soraya
Soscha
Soumia
Stacey
Stefan
Steffi
Steffy
Steije
Steijn
Stella
Sterre
Stevan
Steven
Stevie
Stuart
Suheda
Sujata
Sukran
Sultan
Sumaya
Sumeya
Summer
Sundus
Sunita
Suradj
Suraya
Susana
Suzana
Svenja
Sverre
Sweder
Sybren
Sydney
Syenna
Sylvan
Sylvia
Sylvie
Sytske
Tabita
Tahira
Tahnee
Tahsin
Talisa
Talita
Tamana
Tamara
Tamika
Tamira
Tanika
Tanita
Tarkan
Tayfun
Taylan
Taylor
Teddie
Teoman
Teresa
Tessel
Tessie
Tetske
Teunie
Teunis
Tevfik
Thaisa
Thalia
Thamar
Thecla
Thekla
Thelma
Thessa
Thiago
Thieme
Thiemo
Thijme
Thimon
Thirsa
Thirza
Thomas
Thommy
Thymen
Thyrza
Tialda
Tiemen
Tietje
Tijana
Tijani
Tijmen
Timber
Timmie
Tineke
Tirzah
Tjalle
Tjarco
Tjarda
Tjardo
Tjarko
Tjebbe
Tjeerd
Tjerry
Tjesse
Tjibbe
Tjipke
Tjisse
Tjitse
Tjitte
Tjitze
Tjomme
Tobias
Tomasz
Tommie
Tonnie
Tonnis
Tooske
Torben
Toufik
Touria
Tracey
Travis
Trevor
Trisha
Trynke
Tseard
Tsjerk
Tugrul
Tuncay
Turgay
Turgut
Turkan
Tyrell
Tyrese
Tyrone
Ulrich
Ulrike
Ursula
Valery
Vanita
Vanity
Varsha
Vedran
Veerle
Venice
Verena
Vernon
Verona
Veroni
Veysel
Vianne
Vibeke
Victor
Vienna
Vienne
Vikash
Vikram
Viktor
Vildan
Vinesh
Vinnie
Violet
Viresh
Virgil
Vishal
Vishnu
Vivian
Vivien
Volkan
Wahiba
Walter
Wander
Wanita
Wannes
Warner
Warren
Warsha
Waseem
Wassim
Wencke
Wendel
Wendie
Werner
Wesley
Wessel
Wester
Wicher
Wieger
Wiepke
Wiesje
Wieske
Wietse
Wietze
Wijtze
Wikash
Wiljan
Willem
Willie
Wilmar
Wilmer
Wilson
Winand
Winesh
Winnie
Winona
Wiresh
Wishal
Wissal
Wissam
Wolter
Wouter
Wybren
Wynand
Wytske
Xamira
Xander
Xandra
Xandro
Xanthe
Xavier
Ximena
Yaelle
Yagmur
Yalcin
Yamila
Yamina
Yanick
Yaniek
Yannic
Yannik
Yannis
Yaprak
Yasmin
Yasser
Yassin
Yassir
Yelena
Yelina
Yentel
Yenthe
Yentle
Yessin
Yildiz
Yilmaz
Yinthe
Ylonka
Ynskje
Yoella
Yoelle
Yorben
Yorian
Yorick
Yoshka
Yoshua
Younes
Yousef
Yousif
Yousra
Yousri
Yuksel
Yvanca
Yvanka
Yvette
Yvonne
Zahide
Zahira
Zahraa
Zainab
Zaineb
Zakiya
Zamira
Zander
Zarife
Zarina
Zaynab
Zeinab
Zeineb
Zekiye
Zeliha
Zerina
Zerrin
Zeynab
Zeyneb
Zeynel
Zeynep
Zillah
Zohair
Aalbert
Aaldert
Aaldrik
Aaliyah
Aaltjen
Aaltsje
Aarnoud
Aarnout
Abdalla
Abigael
Abigail
Abraham
Abygail
Adelina
Adeline
Adilson
Adriaan
Adriana
Adriane
Adriano
Aernout
Agnetha
Aisling
Aislinn
Alannah
Alberta
Alberto
Alessia
Alessio
Alfonso
Alfredo
Alianne
Alischa
Alissia
Allisha
Allison
Allysha
Allyssa
Alperen
Alphons
Alyshia
Alyssia
Amarens
Amarins
Amerins
Aminata
Anahita
Ancilla
Andreas
Andreia
Andries
Anemoon
Angelie
Angelle
Angelos
Annabel
Annebel
Annejet
Annelie
Annelin
Annelot
Annelou
Annemay
Annemie
Annerie
Annetje
Annetta
Annette
Annewil
Annicka
Annieck
Annieke
Annigje
Annique
Anoeska
Anouska
Anthony
Antoine
Antonia
Antonie
Antonio
Anushka
Aouatif
Aradhna
Arantxa
Archana
Arendje
Arentje
Ariadne
Arianna
Arianne
Arielle
Arienne
Ariette
Arjanne
Arlette
Armanda
Armando
Arnolda
Arsalan
Arsenio
Aschwin
Ashanti
Ashanty
Ashwien
Aslihan
Augusta
Aurelia
Aurelie
Avinash
Awinash
Aysegul
Aysenur
Babette
Babiche
Bahadir
Barbara
Barbera
Barteld
Bartele
Bartjan
Bartosz
Bastian
Bastien
Bastijn
Batuhan
Beatrix
Beatriz
Beertje
Beitske
Belinda
Berdien
Berdina
Berdine
Berivan
Berkant
Bernard
Bernice
Bertina
Bertine
Bertjan
Bertram
Bethany
Bettina
Bettine
Beverly
Beyonce
Bibiana
Bibiane
Bibiche
Blanche
Bojoura
Boubker
Bouchra
Bouwina
Bradley
Brandon
Brechje
Bregtje
Brendan
Brendon
Brennan
Breunis
Brianna
Brianne
Bridget
Britney
Btissam
Caitlin
Caitlyn
Calista
Cameron
Camilla
Camille
Candice
Caressa
Carissa
Carleen
Carlien
Carlijn
Carlina
Carline
Carlito
Carmela
Carolus
Carolyn
Carsten
Casimir
Cassidy
Cebrail
Cecilia
Celesta
Celeste
Cezanne
Chabeli
Chahida
Chahira
Chaimaa
Chaimae
Chakira
Chaline
Chandni
Chandra
Chanell
Chanice
Chanika
Chanine
Channah
Chantal
Charell
Charifa
Charina
Charisa
Charise
Charita
Charity
Charles
Charley
Charlie
Charlot
Charona
Chaymae
Chelsea
Chelsey
Chemene
Cherell
Cherida
Cherina
Cherine
Cherise
Cherish
Cherrel
Cherryl
Cheryll
Chesney
Chesron
Chester
Chimene
Chinook
Chinouk
Chirine
Choukri
Chrisje
Chrissy
Christa
Christi
Christy
Chyenne
Cinthia
Clarice
Clasina
Claudia
Claudio
Clayton
Clazina
Clemens
Clement
Clifton
Clinton
Colette
Colinda
Colleen
Coralie
Corinda
Corinna
Corinne
Corneel
Corrine
Cristel
Crystal
Cynthia
Cyrelle
Cyrilla
Cyrille
Daantje
Dalibor
Damanja
Damaris
Damiaan
Damiano
Danieke
Daniela
Daniele
Danijel
Danilio
Danillo
Danique
Danisha
Danitia
Danniek
Darinka
Darlene
Darnell
Darrell
Darshan
Davinia
Dayenne
Deborah
Deirdre
Delayla
Deliana
Delicia
Delilah
Demelsa
Demelza
Deniece
Denisha
Denzell
Derrick
Desiree
Desmond
Desteny
Destina
Destiny
Devante
Deveney
Dhiradj
Diandra
Diantha
Dianthe
Dieneke
Dieuwke
Diliana
Dimitra
Dimitri
Dimitry
Dimphna
Dinanda
Dingena
Dirkjan
Djamila
Djayden
Djustin
Dogukan
Dolores
Domingo
Dominic
Dominik
Donavan
Donovan
Doortje
Dorenda
Dorette
Dorieke
Dorinda
Dorinde
Dorothe
Dorothy
Douglas
Doutsen
Doutzen
Douwina
Dragana
Driesje
Dyantha
Dymphna
Ebrahim
Eduardo
Edwinus
Egidius
Elbrich
Eleanor
Elianne
Elliott
Elsbeth
Emanuel
Emeline
Emerson
Emilius
Emircan
Emirhan
Emmelie
Engbert
Enrique
Ephraim
Ernesto
Esengul
Esmanur
Esmeray
Esteban
Estella
Estelle
Etienne
Eugenia
Eugenie
Evalien
Evaline
Evander
Evelien
Evelijn
Evelina
Eveline
Evelyne
Evertje
Evianne
Fabiana
Fabiano
Fabiola
Fabrice
Fairouz
Faissal
Faouzia
Farhana
Farhiya
Farisha
Farshad
Farzana
Fatimah
Fazilet
Felicia
Fenneke
Ference
Fernand
Fikriye
Finette
Firdevs
Florens
Florent
Florian
Florien
Florijn
Florina
Florine
Folkert
Frances
Francis
Frankie
Fransje
Fraukje
Freddie
Fredrik
Froukje
Frouwke
Gabriel
Gaetano
Gallyon
Geerten
Geertje
Geesken
Genelva
Genesis
Gennaro
Geoffry
Georges
Georgia
Georgio
Geralda
Geraldo
Gerarda
Gerardo
Gerbert
Gerbrig
Gerdien
Gerdina
Gerdine
Gerhard
Gerline
Germain
Gerrald
Gerrita
Gertine
Gertjan
Geurtje
Geziena
Gezinus
Ghizlan
Giacomo
Gilbert
Giliano
Gillian
Ginette
Giorgia
Giorgio
Giovani
Gisella
Giselle
Gommert
Gonneke
Goossen
Greetje
Gregory
Grietje
Griffin
Grytsje
Gulizar
Guluzar
Gustaaf
Gustavo
Guylian
Gwyneth
Hadassa
Hananja
Hanneke
Harmina
Harmjan
Harmpje
Harriet
Hassana
Hayriye
Heather
Hedwich
Heiltje
Heintje
Helmich
Hendrik
Henrica
Henrick
Henrico
Henriet
Henrika
Henrike
Herbert
Hermann
Hermien
Hermina
Hermine
Hesther
Hidayet
Hielkje
Hilbert
Hillary
Hindrik
Hjalmar
Hossein
Houssam
Huberta
Huibert
Humeyra
Huseyin
Hussain
Hussein
Ibrahim
Ibtisam
Ichelle
Ihssane
Ilyasse
Indiana
Ingemar
Ingetje
Ioannis
Irmgard
Isabeau
Isadora
Ismahan
Jaantje
Jacinta
Jacklyn
Jackson
Jacobje
Jacobus
Jacques
Jakobus
Jaleesa
Jamairo
Jamilla
Janelle
Janette
Janieke
Janinka
Janique
Janneke
Jannick
Janniek
Jannine
Jannita
Jantien
Jantina
Jantine
Jantsje
Jarnick
Jaromir
Jasmien
Jasmijn
Jasmina
Jasmine
Jayanti
Jay-Jay
Jazzley
Jeanice
Jeanine
Jeannet
Jeannot
Jedidja
Jeffery
Jeffrey
Jeltsje
Jemaine
Jenairo
Jenifer
Jenneke
Jeremey
Jeremia
Jeremie
Jermain
Jerremy
Jerrold
Jerusha
Jessamy
Jessica
Jessika
Jildert
Jillian
Joachim
Jo-Anne
Jo-anne
Joannes
Joaquim
Joaquin
Jocelyn
Joffrey
Jogchum
Johanan
Johanna
Johanne
Johnnie
Johnson
Jolanda
Jolande
Jolieke
Joliene
Jolinda
Jolinde
Jonatan
Jonneke
Jordana
Jorieke
Jorinda
Jorinde
Jorrick
Josanne
Josepha
Josette
Jovanka
Jovanni
Jovanny
Juanita
Juanito
Juliana
Juliane
Juliano
Julissa
Jullian
Juninho
Juriaan
Jurrian
Jurrien
Justian
Justice
Justina
Justine
Juultje
Kadriye
Kailash
Kaitlin
Kaitlyn
Kaltoum
Kaoutar
Karlien
Karlijn
Karsten
Kathryn
Katinka
Katrien
Katrijn
Katrina
Kazimir
Keltoum
Kenneth
Kenrick
Kerstin
Keziban
Khadija
Khallil
Khaoula
Killian
Kirsten
Kirstie
Kirstin
Klaasje
Klaaske
Klasina
Klaudia
Klazina
Krishan
Krishna
Krissie
Kristan
Kristel
Kristen
Kristie
Kristin
Kristof
Krystel
Krystle
Kubilay
Kwabena
Kwinten
Kyllian
Lakisha
Lakshmi
Lambert
Lammert
Larissa
Latifah
Latisha
Laureen
Laurens
Laurent
Laurenz
Laurien
Laurina
Laurine
Lavinia
Leander
Leandra
Leandro
Leentje
Leilani
Leintje
Lennard
Lennart
Lenneke
Lennert
Leonard
Leoniek
Leonoor
Leonora
Leonore
Leopold
Leticia
Letitia
Leuntje
Levinus
Lidewei
Lidewij
Liduina
Lidwien
Lidwina
Lidwine
Liedeke
Lieneke
Lieveke
Lijntje
Liliana
Liliane
Lillian
Lindsay
Lindsey
Linette
Lisanna
Lisanne
Liselot
Lisenka
Lisette
Lizanne
Lizette
Lonneke
Loraine
Lorenza
Lorenzo
Loretta
Lorette
Louella
Louelle
Lourdes
Lourens
Lourina
Lubbert
Lucette
Luciana
Luciano
Lucille
Lucinda
Lucinde
Ludovic
Ludwina
Luigino
Luitzen
Lusanne
Lyndsey
Lynette
Lysanne
Lysbeth
Lysette
Maarten
Maartje
Machiel
Madelon
Madelyn
Madhavi
Madieke
Madison
Mahamed
Mahmoud
Maichel
Maickel
Maissae
Majella
Majorie
Makbule
Malaika
Malcolm
Malinda
Malissa
Mallory
Mamadou
Manasse
Manfred
Manisha
Manolya
Manouck
Mansour
Manuela
Marcela
Marcelo
Marchje
Mareike
Marelle
Marenne
Marente
Margaux
Margien
Margret
Mariama
Mariana
Mariano
Marieke
Marieta
Marigje
Marijke
Marijne
Mariken
Marilou
Marilva
Marilyn
Marinda
Marinde
Marinka
Marinke
Marinus
Marisca
Marisha
Marisja
Mariska
Marisol
Marissa
Maritha
Maritte
Maritza
Marjoke
Marjory
Marleen
Marlein
Marlena
Marlene
Marlien
Marlies
Marlijn
Marline
Marlisa
Marlise
Marloes
Marlouk
Marlous
Marnick
Marouan
Marriet
Marscha
Martien
Martijn
Martika
Martina
Martine
Martino
Maryama
Marylou
Massimo
Mateusz
Matheus
Mathias
Mathieu
Mathijn
Mathijs
Matilda
Matilde
Matisse
Matteus
Matthea
Matthew
Matthis
Matthys
Mattias
Mattijn
Mattijs
Maureen
Maurice
Maurien
Maurijn
Maurits
Mauritz
Maximus
Maxwell
Mayella
Meaghan
Meeuwis
Meintje
Melania
Melanie
Melinda
Melissa
Mellany
Mellisa
Menekse
Merlijn
Mertcan
Metehan
M'Hamed
M'hamed
Micaela
Michael
Michail
Micheal
Michela
Michele
Michell
Michiel
Mickael
Mientje
Mijntje
Mikayla
Mikhail
Milenka
Milouda
Mimouna
Mimount
Mindert
Miranda
Mirella
Mirelle
Mirjana
Mitchel
Mohamad
Mohamed
Mohamud
Mohcine
Monique
Monisha
Montana
Mostafa
Mounaim
Muammer
Muberra
Mucahid
Mucahit
Muhamed
Mustafa
Nadeche
Naftali
Nagihan
Nalinie
Nandini
Nanette
Nanneke
Naoufal
Nariman
Narjiss
Nassima
Nassira
Natacha
Natalia
Natalie
Natalja
Natalya
Natanja
Natasha
Natasja
Nathaly
Nazanin
Nazmiye
Nebahat
Neeltje
Nehemia
Nelleke
Nemanja
Neriman
Nerissa
Nesrine
Neville
Nicolai
Nicolas
Nicolay
Nicolet
Nicolle
Nikolai
Nikolaj
Nikolas
Nilofar
Nilufer
Nirvana
Nisanur
Nisrine
Noortje
Noralie
Norbert
Nouaman
Nourdin
Ogulcan
Oguzhan
Olivier
Orlando
Ornella
Ouahiba
Ouardia
Ouassim
Ouissal
Ouissam
Oumaima
Oumayma
Oussama
Pascale
Patrice
Patrick
Patriek
Paulien
Paulina
Pauline
Pebbles
Perihan
Peterke
Phaedra
Philine
Philipp
Phillip
Phyllis
Pietsje
Pleunie
Preston
Prosper
Queenie
Quenten
Quentin
Querijn
Querine
Quincey
Quinten
Quintin
Quinton
Quintus
Quirien
Quirijn
Quirina
Quirine
Rachael
Rachell
Rachida
Radboud
Radhika
Rafaela
Raihana
Raimond
Rainier
Rajshri
Ramazan
Randall
Randell
Randolf
Raphael
Rashida
Rashied
Raveena
Ravenna
Raymond
Rayvano
Rebecca
Rebekka
Redouan
Regilio
Reinald
Reinard
Reinate
Reinder
Reineke
Reinier
Reinoud
Reinout
Reintje
Relinde
Remmelt
Remmert
Remziye
Renaldo
Renatus
Rhianne
Ricardo
Richano
Richard
Richtje
Ridouan
Riekelt
Riemkje
Rieneke
Rikkert
Rinaldo
Rindert
Rinskje
Ritchie
Rivaldo
Robbert
Roberta
Roberto
Roderik
Rodrigo
Roeland
Roelant
Roelien
Roelina
Roeline
Rolanda
Rolando
Rolinda
Rolinde
Rolinka
Romaisa
Romario
Romaysa
Rombout
Romello
Romilda
Rommert
Ronaldo
Rosalia
Rosalie
Rosalin
Rosalyn
Rosanna
Rosanne
Rosario
Roselie
Rosella
Roselyn
Roshnie
Rowanne
Rowenna
Roxanna
Roxanne
Rozanne
Rozerin
Ruchama
Rudolph
Rumeysa
Russell
Ruthger
Ruveyda
Saartje
Sabrien
Sabrina
Sabrine
Sabriye
Sadhana
Saffira
Safiera
Safouan
Salomon
Samanta
Samatar
Samirah
Sandeep
Sandhia
Sandhya
Sanjana
Sanjeev
Sanneke
Santana
Santino
Santosh
Saphira
Saranda
Sarella
Sarinah
Sarissa
Saritha
Savanna
Savanne
Saverio
Sayenna
Sayenne
Scarlet
Sebahat
Sedanur
Sefanja
Selenay
Selinay
Selinde
Semanur
Senanur
Servaas
Sevilay
Shabana
Shabnam
Shahira
Shairon
Shakira
Shalina
Shalini
Shamara
Shamira
Shanaya
Shanice
Shanita
Shannah
Shannen
Shannon
Shantie
Shareen
Sharena
Sharida
Sharief
Sharifa
Sharina
Sharine
Sharita
Sharona
Sharony
Sharron
Shawnee
Sheetal
Sheldon
Shelina
Shelley
Shemara
Shereen
Sherena
Sherida
Sherien
Sherina
Sherman
Sherona
Sherwin
Shireen
Shirley
Shivani
Shiwani
Siebren
Siegrid
Sientje
Sietske
Sieuwke
Sijbren
Sijtske
Silvana
Silvano
Silvian
Silvijn
Siobhan
Sjimmie
Sjonnie
Sjoukje
Skander
Slimane
Smahane
Soeradj
Soeraya
Sofiane
Sofieke
Sohaila
Solange
Solomon
Solveig
Soufian
Soufyan
Souhail
Soumaya
Souraya
Spencer
Stanley
Stefani
Stefano
Stefany
Steffan
Steffen
Steffie
Stephan
Stephen
Stoffel
Stoffer
Sudenaz
Sue-Ann
Suheyla
Suleika
Suleman
Sumeyra
Sumeyya
Sumeyye
Sunaina
Sunniva
Sureyya
Susanna
Susanne
Susette
Suzanna
Suzanne
Suzette
Sybrand
Sybrich
Sylvain
Sylvana
Sylvano
Sylvian
Synthia
Syreeta
Tabitha
Tahmina
Talisha
Talitha
Tamarah
Tanisha
Tanneke
Taoufik
Tatiana
Tatjana
Teatske
Teodora
Terence
Teuntje
Thalina
Thalita
Thamara
Theodor
Theresa
Therese
Theunis
Thibaud
Thibaut
Thiemen
Thierry
Thijmen
Thobias
Thorben
Tiffany
Timothy
Tiziana
Tjitske
Tolunay
Torsten
Touraya
Trienke
Trijnie
Trinity
Tristan
Tristen
Tunahan
Ummuhan
Valeria
Valerie
Valerio
Valesca
Valeska
Vallery
Vandana
Vanessa
Vanisha
Varisha
Veronie
Vincent
Violeta
Virgill
Vishaal
Viviana
Viviane
Volkert
Walther
Wandana
Wanisha
Warsame
Wassila
Wassima
Welmoed
Wendela
Wendell
Wensley
Whitley
Whitney
Wichard
Wichert
Wiebren
Wiecher
Wieneke
Wiepkje
Wieteke
Wietske
Wiggert
Wijmpje
Wijnand
Wijntje
Wijtske
Wilbert
Wilfred
Wilhelm
Willard
Willeke
William
Willian
Winanda
Winston
Woutera
Wulfert
Xaviera
Xiomara
Xynthia
Yamilla
Yanaika
Yannick
Yanniek
Yarnick
Yasemin
Yasmien
Yasmijn
Yasmina
Yasmine
Yassine
Yassira
Yessica
Yolanda
Yolande
Yorinde
Yorrick
Youandi
Youness
Youssef
Youssra
Youssri
Ysbrand
Zachary
Zakaria
Zefanja
Zippora
Zoubeir
Zoubida
Zouhair
Zubeyde
Zuleyha
Zuzanna
Aart-Jan
Abbygail
Abdallah
Abdelali
Abdelhak
Abdellah
Abdeslam
Abdiaziz
Abdulahi
Abdullah
Aboubakr
Abubakar
Adelheid
Adrianne
Adrianus
Adrienne
Aemilius
Akkelien
Albartus
Albertha
Albertje
Albertus
Alistair
Almedina
Aloysius
Anderson
Angelica
Angeliek
Angelien
Angelika
Angelina
Angeline
Angelino
Angenita
Annalisa
Annebeth
Annegien
Anne-Jan
Anne-Jet
Anneleen
Annelein
Annelien
Annelies
Annelijn
Anneline
Annelise
Anneloes
Annelore
Annelous
Anne-May
Annemiek
Annemijn
Annemoon
Anneroos
Anne-Wil
Annoeska
Anoeshka
Anouchka
Anoushka
Anthonia
Anthonie
Antoinet
Antonius
Anuradha
Anuschka
Apolonia
Arabella
Aradhana
Arendina
Arie-Jan
Arnoldus
Astrando
Azeddine
Bahattin
Barthold
Bart-Jan
Bastiaan
Bastiana
Beatrice
Beatrijs
Beaudine
Bedirhan
Benedict
Benjamin
Berendje
Bernadet
Bernarda
Bernardo
Bernhard
Bert-Jan
Beyzanur
Bibianne
Birgitta
Birgitte
Blessing
Boutaina
Brechtje
Brigitta
Brigitte
Brittany
Brittney
Brooklyn
Btissame
Bunyamin
Cacharel
Caecilia
Caithlin
Caithlyn
Caitlynn
Callista
Carianne
Carlijne
Carlotta
Carolien
Carolijn
Carolina
Caroline
Casandra
Casparus
Catalina
Catarina
Caterina
Cathleen
Catrinus
Chamilla
Chandeni
Chanella
Chanelle
Chanelva
Chanique
Chantall
Charella
Charelle
Charisma
Charissa
Charisse
Charleen
Charlene
Charline
Charlize
Charmain
Chavelli
Chavelly
Chayenna
Chayenne
Cheraine
Cherelle
Cherilyn
Cherinda
Cherique
Cherissa
Cheverny
Cheyenna
Cheyenne
Chrissie
Christal
Christan
Christel
Christie
Christof
Christos
Chrystal
Chrystel
Cihangir
Claartje
Clarence
Clarissa
Clarisse
Claudine
Clifford
Coenraad
Conchita
Conradus
Constant
Consuela
Corianne
Cornelia
Cornelie
Cornelis
Cornelus
Courtney
Crispijn
Cristian
Cristina
Damianus
D'Angelo
Daniella
Danielle
Danijela
Danilson
Danischa
Danitsja
Danjella
Dannique
Dayanara
Delphine
Denilson
Derk-Jan
Desteney
Diederik
Dimitris
Dimphina
Dingeman
Dingenis
Dingenus
Dionysia
Dirk-Jan
Djamilla
Domenica
Domenico
Dominica
Dominick
Dominiek
Dorianne
Dorothea
Dorothee
Ebenezer
Ebubekir
Eduardus
Egbertje
Egbertus
Eibertje
Elbertha
Elbertus
Eleanora
Eleonoor
Eleonora
Eleonore
Elisabet
Elizabet
Ellemiek
Ellemijn
Ellenoor
Elseline
Elsemiek
Emanuela
Emiliano
Emmanuel
Emmelien
Emmeline
Emrullah
Engelien
Engelina
Engeltje
Eric-Jan
Erik-Jan
Ertugrul
Estrella
Euphemia
Eveliene
Everarda
Everdina
Everdine
Everhard
Evertine
Fabianne
Fabienne
Fabricio
Fabrizio
Farahnaz
Fatmanur
Federico
Felicity
Femmigje
Fenneken
Fennetje
Fennigje
Fernanda
Fernando
Filippus
Fiorella
Firdaous
Flemming
Fleurine
Fleurtje
Floortje
Florance
Florence
Floriaan
Florieke
Francien
Francina
Francine
Francois
Franklin
Fransien
Fransina
Frederic
Frederik
Fredrika
Gabriela
Geartsje
Geerdina
Geertjan
Geertrui
Geessien
Geoffrey
Georgina
Georgino
Georgios
Georgius
Gerardus
Gerbrand
Gerbrich
Gerharda
Gerianne
Gerjanne
Gerlinda
Gerlinde
Germaine
Geronimo
Gerrieke
Gerrigje
Gerritje
Gert-Jan
Gertruda
Gertrude
Ghizlane
Gianluca
Giannina
Gijsbert
Gilberto
Gillermo
Gilliano
Giordano
Giovanna
Giovanni
Giovanny
Giuliano
Giuseppe
Godfried
Gooitzen
Graciela
Guiliano
Guiseppe
Gulbahar
Gulistan
Gulseren
Hadassah
Harmanna
Harm-Jan
Harrison
Heavenly
Heinrich
Henderik
Hendrica
Hendrick
Hendrika
Hendrike
Hendrina
Henk-Jan
Henricus
Henrieke
Henrikus
Hermanna
Hermanus
Hilbrand
Hilletje
Hilligje
Houdaifa
Houssain
Houssine
Hubertus
Hubrecht
Humphrey
Ibtisame
Ibtissam
Ignatius
IJsbrand
Immanuel
Ingeborg
Intissar
Isabella
Isabelle
Iskander
Ismahane
Ivanildo
Izabella
Jaap-Jan
Jacintha
Jacobien
Jacobina
Jacobine
Jacolien
Jacoline
Jacomijn
Jacomina
Jacyntha
Janienke
Jan-Jaap
Jannetje
Jannetta
Jannette
Jannieke
Jannigje
Jan-Paul
Jantiena
Jantiene
Jantinus
Jeanette
Jeanique
Jean-Luc
Jeannine
Jennefer
Jenneken
Jennifer
Jennigje
Jennyfer
Jeoffrey
Jeremiah
Jeremias
Jermaine
Joanneke
Jocelyne
Johannes
Johannis
Johannus
Jonathan
Jorginho
Josefien
Josefina
Josefine
Joselien
Joseline
Josephus
Josianne
Jozefien
Jozefina
Jozephus
Julianne
Julienne
Juliette
Jurriaan
Justinus
Kaouthar
Kardelen
Karianne
Karishma
Karlijne
Karolien
Karolina
Karoline
Katarina
Katelijn
Katerina
Kathinka
Kathleen
Kayleigh
Kees-Jan
Kendrick
Khouloud
Kimberly
Kingsley
Klaartje
Klaasjan
Klaziena
Koendert
Koenraad
Kornelia
Kornelis
Krijntje
Kristian
Kristien
Kristina
Kristine
Krystian
Laetitia
Lakeisha
Lamberta
Lammigje
Laquisha
Latischa
Lauraine
Lauranne
Laurence
Lauretta
Laurette
Lawrence
Leendert
Lennaert
Leonarda
Leonardo
Leonhard
Leonieke
Leonique
Leontien
Leontina
Leontine
Lichelle
Liedewij
Liesanne
Liesbeth
Lieselot
Lieuwkje
Lilianne
Lindomar
Lisandra
Liselore
Lodewijk
Loredana
Lorraine
Louwrens
Lubertha
Lubertus
Lucienne
Lucretia
Ludovica
Lummetje
Machteld
Madelein
Madelene
Madelief
Madelijn
Madeline
Manolito
Manpreet
Manuella
Marcelis
Marcella
Marcelle
Marcello
Marchano
Marchien
Marciano
Mareille
Marenthe
Margaret
Margreet
Margreta
Margriet
Marianka
Marianna
Marianne
Mariella
Marielle
Marietje
Marietta
Mariette
Marijana
Marijtje
Marileen
Marilene
Marinthe
Marischa
Marjanne
Marjella
Marjelle
Marjorie
Mark-Jan
Marlieke
Marlijne
Marlinda
Marlinde
Marlissa
Marlotte
Maroeska
Marouane
Maroucha
Marousha
Marretje
Marrigje
Marshall
Marthijn
Marthijs
Martinus
Mary-Ann
Mathilda
Mathilde
Mattanja
Mattheus
Matthias
Matthieu
Matthijn
Matthijs
Mauricio
Maurizio
Maybritt
Mechteld
Meindert
Melchior
Mellanie
Mellissa
Melloney
Mercedes
Meredith
Merlijne
Michaela
Michella
Michelle
Mihriban
Mijndert
Minoesch
Minouche
Mireille
Miroslav
Mitchell
Mohammad
Mohammed
Mohamoud
Morrison
Mostapha
Mouhsine
Mounssif
Moustafa
Muhammad
Muhammed
Muhammet
Muharrem
Muhittin
Mukaddes
Mukremin
Munevver
Murielle
Mustapha
Muzaffer
Muzeyyen
Nannette
Natalija
Natascha
Nathalia
Nathalie
Nathalja
Nathanja
Nathasja
Neslihan
Nicholas
Nickolai
Nickolas
Nicolaas
Nicolien
Nicolina
Nicoline
Nikolaas
Nikolaos
Nikolina
Niloufar
Nissrine
Noufissa
Nouhaila
Noumidia
Nourdine
Nouschka
Nurettin
Nurullah
Ouassila
Ouassima
Pascalle
Pasquale
Patricia
Patrique
Patrycja
Paulette
Pauliene
Penelope
Pernilla
Pernille
Petertje
Pharrell
Phileine
Philippa
Philippe
Phylicia
Pieterke
Pleuntje
Prashant
Precilla
Precious
Pricilla
Princess
Prisilla
Priyanka
Quintijn
Quirinus
Rachella
Rachelle
Radouane
Rafaella
Randolph
Ravindra
Raymondo
Rayshree
Redouane
Regillio
Reginald
Reinaldo
Reindert
Reinhard
Remigius
Revelino
Reynaldo
Rhiannon
Ricardus
Riccardo
Richella
Richelle
Richenel
Richmond
Rieuwert
Rivelino
Robertus
Robrecht
Rochella
Rochelle
Roderick
Roelfien
Roelfina
Roelinda
Roelofje
Romaisae
Romaissa
Ronaldus
Rosalien
Rosalina
Rosaline
Rosalynn
Roseanne
Roselien
Roseline
Rosemary
Roswitha
Rudolfus
Safouane
Salsabil
Salvador
Samantha
Samentha
Sammy-Jo
Sandrina
Sandrine
Sangeeta
Santiago
Santusha
Sarafina
Savannah
Scarlett
Serginho
Serginio
Shailesh
Shalinie
Shaniqua
Sharella
Sharelle
Sharinda
Sharissa
Sharleen
Sharlene
Sharmila
Sharonna
Sharonne
Shayenna
Shayenne
Sheranie
Sherilyn
Shivanie
Siebrand
Sieuwerd
Sijbrand
Sjieuwke
Sjoerdje
Solaiman
Soufiane
Soufyane
Souhaila
Souhayla
Soukaina
Soukayna
Splinter
Stefania
Stefanie
Stefanos
Stefanus
Steffany
Stephana
Stephane
Stephano
Stephany
Stientje
Stijntje
Suleyman
Susannah
Svetlana
Tannetje
Terrence
Teunisje
Thalissa
Theadora
Theodoor
Theodora
Theodore
Theresia
Thibault
Thorsten
Timoteus
Tjalling
Tolgahan
Tomislav
Trientje
Trijntje
Tryntsje
Valencia
Valencio
Valentin
Vasiliki
Veronica
Veroniek
Veronika
Victoria
Viktoria
Vincenzo
Violetta
Violette
Virginia
Virginie
Vittorio
Vivianne
Vivienne
Vladimir
Walterus
Wijnanda
Wilfried
Willemke
Winfried
Wladimir
Wolfgang
Wouterus
Yacintha
Yassmina
Yassmine
Yonathan
Zakariae
Zakariya
Zekeriya
Zinedine
Zoulikha
Zwaantje
Abdelaziz
Abdelhadi
Abdelilah
Abdennour
Abdifatah
Abdinasir
Abdirizak
Abdoullah
Abdullahi
Agnieszka
Alberdina
Albertien
Albertina
Albertine
Alejandra
Alejandro
Alexander
Alexandra
Alexandre
Alexandro
Alexandru
Allegonda
Alparslan
Alphonsus
Anastacia
Anastasia
Angelique
Annabella
Annabelle
Annamaria
Annamarie
Annebelle
Annechien
Annefleur
Annefloor
Annegreet
Annelieke
Annelinde
Anne-Loes
Annelotte
Anne-Lynn
Annemaria
Annemarie
Annemieke
Annerieke
Anne-Roos
Anne-Ruth
Anouschka
Anthonius
Antonetta
Antonette
Apollonia
Arend-Jan
Ariaantje
Arnoldina
Augustijn
Augustina
Azzeddine
Barendina
Benedicte
Berendina
Bernadina
Bernadine
Bernardus
Beytullah
Boudewijn
Caroliene
Cassandra
Catelijne
Cathalina
Catharina
Catharine
Cathelijn
Catherina
Catherine
Cengizhan
Chahrazad
Chandenie
Chantalle
Chantelle
Charlaine
Charlotte
Charmaine
Charmayne
Chermaine
Cherrelle
Chislaine
Christian
Christien
Christina
Christine
Christoph
Claudette
Coenradus
Constance
Cornelius
Corstiaan
Cristiaan
Cristiano
Diederick
Diewertje
Dimitrios
Dionisius
Dionysius
Domenique
Dominggus
Dominicus
Dominique
Donatella
Egberdina
Ekaterina
El Hassan
Elisabeth
Elizabeth
Elizaveta
Ellemieke
Elsemieke
Emanuelle
Emerentia
Emmanuela
Engelbert
Ernestine
Ernst-Jan
Esmaralda
Esmeralda
Esmiralda
Esperanza
Everardus
Evert-Jan
Fahrettin
Fatoumata
Ferdinand
Feyzullah
Firdaouss
Florencia
Florianne
Francesca
Francesco
Francisca
Francisco
Franciska
Francoise
Fransisca
Franziska
Frederica
Frederick
Frederico
Frederiek
Frederika
Frederike
Friedrich
Gabriella
Gabrielle
Geert-Jan
Geertruda
Genevieve
Georgette
Geraldine
Gerardina
Gerhardus
Gerrianne
Gerridina
Gerriette
Gerritjan
Gertrudis
Gertruida
Ghislaine
Giancarlo
Gijsberta
Giovannie
Godelieve
Goverdina
Graciella
Graziella
Gregorius
Guillaume
Guillermo
Guilliano
Guinevere
Gwendolyn
Hannelore
Harmannus
Harriette
Hayrettin
Henderika
Hendricus
Hendrieka
Hendrieke
Hendrikje
Hendrikus
Henrietta
Henriette
Hermannes
Hermannus
Hilbertus
Hildegard
Hinderika
Huberdina
Hubertina
Huibertje
Huibertus
Huibrecht
Ibtissame
Jackelien
Jaimy-Lee
Jairzinho
Jamie-Lee
Jan-Joost
Jan-Peter
Janwillem
Jaqueline
Jasperina
Jeannette
Jean-Paul
Jefferson
Jeronimus
Johanneke
Johnathan
Jojanneke
Josephien
Josephina
Josephine
Kassandra
Katarzyna
Katelijne
Katharina
Kathelijn
Katherina
Katherine
Kimberley
Klaas-Jan
Korstiaan
Kristiaan
Kristijan
Krzysztof
Lahoucine
Lambertha
Lambertus
Laurentia
Leonardus
Liselotte
Lizelotte
Lubbertus
Ludovicus
Machelina
Mackenzie
Madelaine
Madeleine
Madelinde
Magdalena
Marcelina
Marceline
Marcelino
Marcellus
Marchella
Marchiano
Marchiena
Margareta
Margareth
Margarita
Margretha
Margrieta
Marijntje
Marjolein
Marjolijn
Marouscha
Maroussia
Maruschka
Mauritius
May-Britt
Mechelina
Micheline
Moustapha
Nathanael
Nathaniel
Necmettin
Nicoletta
Nicolette
Nicoliene
Norbertus
Paschalis
Patricius
Peter-Jan
Philippus
Philomena
Pieternel
Pietertje
Prescilla
Priscella
Priscilla
Raffaella
Reinardus
Rembrandt
Richardus
Robertino
Romaissae
Roos-Anne
Roosmarie
Rosalinda
Rosalinde
Roselinde
Rosemarie
Roumaissa
Rozemarie
Rudolphus
Salvatore
Sanderijn
Sebastian
Sebastien
Seyfullah
Shaquille
Sharmaine
Sharmarke
Sharmayne
Siebrigje
Siegfried
Sigourney
Silvester
Sjoerdtje
Souhailla
Soulaiman
Stanislav
Steffanie
Stephania
Stephanie
Stephanus
Steventje
Sylvester
Tamimount
Theodorus
Timotheus
Valentijn
Valentina
Valentine
Valentino
Veronique
Victorine
Waltherus
Wendelien
Wendelina
Wendeline
Wilhelmus
Willemien
Willemijn
Willemina
Willemine
Willempje
Willemtje
Willianne
Wouterina
Zacharias
Abdelghani
Abdelhafid
Abdelhakim
Abdelhalim
Abdelhamid
Abdeljalil
Abdelkader
Abdelkarim
Abdellatif
Abdelmajid
Abdelmalek
Abdelmalik
Abdelwahed
Abderrahim
Abderrazak
Abdessalam
Abdessamad
Abdirahman
Abdulkadir
Abdulkerim
Abdurahman
Adriaantje
Albert-Jan
Aleksandar
Aleksander
Aleksandra
Alessandra
Alessandro
Alexandros
Anastasija
Anna-Maria
Anna-Marie
Anne-Britt
Anne-Fleur
Anne-Floor
Anne-Linde
Anne-Lotte
Anne-Maria
Anne-Marie
Annemarije
Annemarijn
Anne-Mieke
Antoinetta
Antoinette
Athanasios
Augustinus
Badreddine
Benedictus
Berend-Jan
Bernadette
Bernardina
Cathalijne
Catharinus
Cathelijne
Christelle
Christiaan
Christiana
Christiane
Christiano
Christiena
Christinus
Christophe
Cinderella
Clementine
Cornelieke
Dieudonnee
Dieuwertje
Emmanuella
Emmanuelle
Evangeline
Everhardus
Fennechien
Florentien
Florentijn
Florentina
Florentine
Florentius
Floris-Jan
Franciscus
Fransiscus
Fredericus
Frederieke
Frederikus
Frederique
Geertruida
Gerritdina
Gerrit-Jan
Gijsbertha
Gijsbertje
Gijsbertus
Gijsbrecht
Godefridus
Gwendoline
Gwendolyne
Gwendolynn
Hendericus
Henderikus
Hieronymus
Hillebrand
Hillechien
Hillegonda
Hinderikus
Hinderkien
Huiberdina
Imadeddine
Jacquelien
Jacqueline
Jan-Pieter
Jan-Willem
Kathelijne
Konstantin
Kristianne
Lamberdina
Lammechien
Laurentius
Lesley-Ann
Lieselotte
Lisa-Marie
Majdouline
Manouschka
Marcellino
Margaretha
Margarethe
Margaritha
Margrietha
Marguerite
Marie-Anne
Marie-Jose
Marjoleine
Marjolijne
Marouschka
Martijntje
Maximilian
Nasreddine
Noureddine
Panagiotis
Peternella
Peter-Paul
Petronella
Philippina
Philippine
Pieter-Bas
Pieterdina
Pieter-Jan
Priscillia
Robert-Jan
Roosmarijn
Rosemarije
Rosemarijn
Rozemarijn
Saifeddine
Sarah-Jane
Sayfeddine
Sebastiaan
Selahattin
Soulaimane
Ummugulsum
Vincentius
Wilhelmina
Wilhelmine
Willemieke
Willem-Jan
Wouter-Jan
Abdelfattah
Abdelkhalek
Abdelouahab
Abdelouahed
Abdelouahid
Abdelrahman
Abderrahman
Abdulrahman
Abdurrahman
Alae-Eddine
Anna-Louise
Anna-Sophie
Anne-Claire
Anne-Louise
Annemarieke
Anne-Marije
Anne-Marijn
Anne-Sophie
Bastiaantje
Christianne
Christianus
Christoffel
Christoffer
Christopher
Constantijn
Emerentiana
Engelbertus
Ferdinandus
Hendrik-Jan
Hillechiena
Jacomijntje
Jean-Michel
Jean-Pierre
Laurens-Jan
Maarten-Jan
Marcellinus
Maximiliaan
Maximiliano
Maximillian
Nasr-Eddine
Nour-Eddine
Pieternella
Pietronella
Robbert-Jan
Roos-Marijn
Salaheddine
Sebastianus
Zine-Eddine
Abdelghafour
Abdelmounaim
Abderrahmane
Anne-Marieke
Barthelomeus
Bartholomeus
Charafeddine
Constantinus
Konstantinos
Leendert-Jan
Marie-Claire
Marie-Louise
Massimiliano
Michelangelo
Salah-Eddine
Willebrordus
Willemijntje
Willibrordus
Marie-Christine
